裁剪窗口 行 1866:1994 列 4651:4779  →  网格 128×128
代理 http://127.0.0.1:7890   并发进程 32   检查点间隔 10 分钟
共 84025 小时：2015-06-01 00:00:00 ~ 2024-12-31 00:00:00
  GaugeCorr_QPE_01H            预计  47100 小时
  MultiSensor_QPE_01H_Pass2    预计  36925 小时
待下载 80601 小时

  2015-06-15 18:00:00 失败: HTTPError HTTP Error 404: Not Found
  2015-06-26 14:00:00 失败: HTTPError HTTP Error 404: Not Found
  2015-08-02 07:00:00 失败: HTTPError HTTP Error 404: Not Found
  2015-08-02 11:00:00 失败: HTTPError HTTP Error 404: Not Found
  2015-08-02 13:00:00 失败: HTTPError HTTP Error 404: Not Found
  进度 7013/80601  已成功 10395/84025  11.1 个/秒  已跑 0.18 小时  预计还需 1.84 小时  已存检查点
  进度 14646/80601  已成功 18011/84025  11.6 个/秒  已跑 0.35 小时  预计还需 1.58 小时  已存检查点
  进度 22520/80601  已成功 25866/84025  11.9 个/秒  已跑 0.53 小时  预计还需 1.36 小时  已存检查点
  进度 30466/80601  已成功 33810/84025  12.1 个/秒  已跑 0.70 小时  预计还需 1.15 小时  已存检查点
  进度 38516/80601  已成功 41854/84025  12.2 个/秒  已跑 0.88 小时  预计还需 0.96 小时  已存检查点
  进度 46649/80601  已成功 49984/84025  12.3 个/秒  已跑 1.05 小时  预计还需 0.77 小时  已存检查点
  进度 55148/80601  已成功 58468/84025  12.5 个/秒  已跑 1.23 小时  预计还需 0.57 小时  已存检查点
  进度 63407/80601  已成功 66708/84025  12.5 个/秒  已跑 1.40 小时  预计还需 0.38 小时  已存检查点
  进度 71384/80601  已成功 74679/84025  12.6 个/秒  已跑 1.58 小时  预计还需 0.20 小时  已存检查点
  进度 79243/80601  已成功 82535/84025  12.5 个/秒  已跑 1.75 小时  预计还需 0.03 小时  已存检查点

重试 132 个失败时刻…

最终 成功 83893/84025 小时  缺 132 小时
  GaugeCorr_QPE_01H            实取  47100 小时
  MultiSensor_QPE_01H_Pass2    实取  36925 小时
已写 D:\chengs\CAMS\data/rain_mrms_1km.nc  5.51 GB
