断面 15 个  时间轴 2015-06-01 00:00:00 ~ 2024-12-31 00:00:00  共 84025 小时
按日期划分  train 至 2023-01-01 00:00:00  |  val 至 2024-01-01 00:00:00  |  test 至 2024-12-31 00:00:00
全局均值 35.05  全局标准差 61.12 m³/s
密集测试样本（逐小时起报）116622 个（存档协议 4819 个）
参数量 162.7 千（存档 162.7 千）
已写 D:\chengs\CAMS\runs\site_model_step12/predictions_dense.npz  样本 116622（其中目标窗全干净 116098）

站号          名称         NSE@1h  NSE@3h  NSE@6h  NSE@12h  （全起点·缺测逐点跳过）
03455000    纽波特          0.996    0.959    0.830    0.121
03454500    温泉镇          0.995    0.963    0.880    0.615
03453500    马歇尔          0.995    0.969    0.910    0.681
03451500    阿什维尔         0.997    0.972    0.898    0.681
03447687    弗莱彻          0.999    0.993    0.970    0.865
03443000    布兰太尔         1.000    0.994    0.959    0.835
03453000    艾维河          0.992    0.891    0.544    0.246
03451000    斯旺纳诺阿        0.976    0.785    0.689    0.635
0344878100  霍米尼溪         0.979    0.766    0.574    0.663
03439000    罗斯曼          0.993    0.855    0.538    0.072
03446000    米尔斯河         0.973    0.802    0.457    0.142
0344632850  马德溪          0.997    0.964    0.828    0.463
03441000    戴维森河         0.984    0.875    0.694    0.461
0344894205  北叉斯旺纳诺阿      0.871   -0.455   -3.941   -4.954
03450000    比特里溪         0.947    0.413    0.397    0.427
中位          0.993    0.891    0.694    0.463

同上网格但仅目标窗全干净样本（≈旧剔除口径，供分解）：
中位          0.993    0.918    0.792    0.615
