断面 15 个  时间轴 2015-06-01 00:00:00 ~ 2024-12-31 00:00:00  共 84025 小时
按日期划分  train 至 2023-01-01 00:00:00  |  val 至 2024-01-01 00:00:00  |  test 至 2024-12-31 00:00:00
全局均值 35.05  全局标准差 61.12 m³/s
密集测试样本（逐小时起报）116622 个（存档协议 4819 个）
参数量 162.7 千（存档 162.7 千）
已写 D:\chengs\CAMS\runs\site_model_moe/predictions_dense.npz  样本 116622（其中目标窗全干净 116098）

站号          名称         NSE@1h  NSE@3h  NSE@6h  NSE@12h  （全起点·缺测逐点跳过）
03455000    纽波特          0.996    0.961    0.850    0.320
03454500    温泉镇          0.995    0.967    0.892    0.656
03453500    马歇尔          0.995    0.971    0.922    0.757
03451500    阿什维尔         0.997    0.975    0.909    0.725
03447687    弗莱彻          0.999    0.991    0.963    0.866
03443000    布兰太尔         0.999    0.990    0.955    0.840
03453000    艾维河          0.987    0.837    0.607    0.301
03451000    斯旺纳诺阿        0.977    0.803    0.656    0.614
0344878100  霍米尼溪         0.983    0.867    0.749    0.599
03439000    罗斯曼          0.989    0.849    0.385   -1.127
03446000    米尔斯河         0.961    0.668    0.273    0.195
0344632850  马德溪          0.995    0.943    0.767    0.399
03441000    戴维森河         0.979    0.856    0.643    0.408
0344894205  北叉斯旺纳诺阿      0.952    0.920    0.892    0.883
03450000    比特里溪         0.897    0.252    0.079    0.002
中位          0.989    0.920    0.767    0.599

同上网格但仅目标窗全干净样本（≈旧剔除口径，供分解）：
中位          0.989    0.935    0.796    0.598
