断面 15 个  时间轴 2015-06-01 00:00:00 ~ 2024-12-31 00:00:00  共 84025 小时
累积降雨数组 (84025, 128, 128)  5.51 GB
按日期划分  train 至 2023-01-01 00:00:00  |  val 至 2024-01-01 00:00:00  |  test 至 2024-12-31 00:00:00
变换 gstd：全局标准化（所有断面 pooled 只估一个均值/标准差）
全局均值 35.05  全局标准差 61.12 m³/s
train 33120 个样本
val   4843 个样本
test  4819 个样本
设备 cuda  参数量 81.4 千  结构 net  空间分支 开  预见期降雨 有  自注意力 无  站点token 无  面积特征 关  掩膜池化 开  增量限幅6σ  分位数×3  单步+滚动24h
损失 quantile（τ=0.1/0.5/0.9，pinball，逐站方差归一加权，仅训练）
  第   1 轮  训练 0.0081  验证 0.0024
  第   5 轮  训练 0.0038  验证 0.0023
  第  10 轮  训练 0.0034  验证 0.0021
  第  15 轮  训练 0.0032  验证 0.0023
  第  20 轮  训练 0.0030  验证 0.0019
  第  25 轮  训练 0.0029  验证 0.0020
  第  30 轮  训练 0.0029  验证 0.0018
  第  35 轮  训练 0.0027  验证 0.0017
  第  40 轮  训练 0.0027  验证 0.0019
  第  45 轮  训练 0.0026  验证 0.0017
  第  50 轮  训练 0.0025  验证 0.0017
  第  55 轮  训练 0.0024  验证 0.0016
  第  60 轮  训练 0.0024  验证 0.0016
  第  65 轮  训练 0.0023  验证 0.0018
  第  70 轮  训练 0.0023  验证 0.0016
  第  75 轮  训练 0.0022  验证 0.0016
  第  80 轮  训练 0.0022  验证 0.0017
  第  85 轮  训练 0.0021  验证 0.0016
  第  90 轮  训练 0.0021  验证 0.0016
  第  95 轮  训练 0.0020  验证 0.0016
  第 100 轮  训练 0.0020  验证 0.0017
  第 105 轮  训练 0.0020  验证 0.0016
  第 110 轮  训练 0.0019  验证 0.0016
  第 112 轮早停

训练段拟合（单步，教师强迫）
03455000    纽波特        NSE  0.999  MAE    1.081
03454500    温泉镇        NSE  0.997  MAE    1.594
03453500    马歇尔        NSE  0.999  MAE    0.688
03451500    阿什维尔       NSE  1.000  MAE    0.432
03447687    弗莱彻        NSE  1.000  MAE    0.368
03443000    布兰太尔       NSE  1.000  MAE    0.172
03453000    艾维河        NSE  0.995  MAE    0.166
03451000    斯旺纳诺阿      NSE  0.992  MAE    0.210
0344878100  霍米尼溪       NSE  0.981  MAE    0.105
03439000    罗斯曼        NSE  0.993  MAE    0.195
03446000    米尔斯河       NSE  0.997  MAE    0.109
0344632850  马德溪        NSE  0.996  MAE    0.108
03441000    戴维森河       NSE  0.983  MAE    0.139
0344894205  北叉斯旺纳诺阿    NSE  0.939  MAE    0.066
03450000    比特里溪       NSE  0.983  MAE    0.021
训练段中位 NSE 0.996

站号          名称             面积     NSE    持续NSE |     KGE    持续KGE |     r     变率比     偏置比 |      峰误差
03455000    纽波特          4812  -3.230    0.865 |  -0.930    0.691 |  0.80    2.70    1.89 |  255.2%
03454500    温泉镇          4058  -1.997    0.702 |  -0.476    0.837 |  0.82    2.45    1.22 |   -0.6%
03453500    马歇尔          3450  -1.916    0.603 |  -0.422    0.771 |  0.80    2.40    1.14 |   -3.1%
03451500    阿什维尔         2448  -1.441    0.713 |  -0.288    0.822 |  0.81    2.26    1.19 |   -0.3%
03447687    弗莱彻          1658  -0.092    0.804 |   0.254    0.881 |  0.83    1.72    1.11 |   -0.3%
03443000    布兰太尔          767   0.814    0.804 |   0.903    0.889 |  0.91    0.98    1.00 |   -1.7%
03453000    艾维河           409   0.036    0.127 |   0.559    0.500 |  0.64    1.25    1.05 |   -1.9%
03451000    斯旺纳诺阿         337   0.722    0.507 |   0.858    0.693 |  0.86    1.00    1.03 |  -13.6%
0344878100  霍米尼溪          269   0.633    0.787 |   0.788    0.892 |  0.82    1.00    1.11 |  -28.9%
03439000    罗斯曼           176   0.407    0.487 |   0.528    0.580 |  0.64    0.70    0.96 |  -35.8%
03446000    米尔斯河          173   0.349    0.297 |   0.263    0.314 |  0.68    0.34    0.90 |  -10.0%
0344632850  马德溪           127  -1.919    0.357 |  -0.259    0.647 |  0.61    2.10    1.48 |   -0.5%
03441000    戴维森河          105   0.449    0.619 |   0.369    0.641 |  0.74    0.43    0.94 |  -43.1%
0344894205  北叉斯旺纳诺阿        38  -5.151    0.178 |  -1.088    0.463 |  0.66    3.00    1.48 |  -14.8%
03450000    比特里溪           14   0.005    0.347 |   0.369    0.590 |  0.56    0.99    1.45 |   13.2%

中位 NSE 0.005  持续性 0.603  胜出 3/15
中位 KGE 0.263  持续性 0.691  胜出 3/15
大洪水时段 NSE -1.876

预见期   +1h   +3h   +6h  +12h  +24h
中位NSE 0.991  0.881  0.672  0.386  -0.831
结果已写入 runs/site_model_step9_cap
