断面 15 个  时间轴 2015-06-01 00:00:00 ~ 2024-12-31 00:00:00  共 84025 小时
累积降雨数组 (84025, 128, 128)  5.51 GB
按日期划分  train 至 2023-01-01 00:00:00  |  val 至 2024-01-01 00:00:00  |  test 至 2024-12-31 00:00:00
变换 gstd：全局标准化（所有断面 pooled 只估一个均值/标准差）
全局均值 35.05  全局标准差 61.12 m³/s
train 33120 个样本
val   4843 个样本
test  4819 个样本
设备 cuda  参数量 25.2 千  结构 dlinear_cnn  空间分支 开  预见期降雨 有  自注意力 无  站点token 无  面积特征 关  分位数×3  单步+滚动24h
损失 quantile（τ=0.1/0.5/0.9，pinball，逐站方差归一加权，仅训练）
  第   1 轮  训练 0.0469  验证 0.0040
  第   5 轮  训练 0.0043  验证 0.0027
  第  10 轮  训练 0.0036  验证 0.0027
  第  15 轮  训练 0.0039  验证 0.0022
  第  20 轮  训练 0.0040  验证 0.0027
  第  25 轮  训练 0.0034  验证 0.0024
  第  30 轮  训练 0.0033  验证 0.0022
  第  35 轮  训练 0.0034  验证 0.0024
  第  40 轮  训练 0.0034  验证 0.0021
  第  45 轮  训练 0.0033  验证 0.0021
  第  50 轮  训练 0.0033  验证 0.0022
  第  55 轮  训练 0.0034  验证 0.0020
  第  60 轮  训练 0.0033  验证 0.0019
  第  65 轮  训练 0.0033  验证 0.0021
  第 67 轮早停

训练段拟合（单步，教师强迫）
03455000    纽波特        NSE  0.998  MAE    1.554
03454500    温泉镇        NSE  0.994  MAE    2.002
03453500    马歇尔        NSE  0.998  MAE    0.902
03451500    阿什维尔       NSE  1.000  MAE    0.556
03447687    弗莱彻        NSE  1.000  MAE    0.452
03443000    布兰太尔       NSE  1.000  MAE    0.215
03453000    艾维河        NSE  0.989  MAE    0.256
03451000    斯旺纳诺阿      NSE  0.989  MAE    0.299
0344878100  霍米尼溪       NSE  0.967  MAE    0.183
03439000    罗斯曼        NSE  0.983  MAE    0.295
03446000    米尔斯河       NSE  0.995  MAE    0.174
0344632850  马德溪        NSE  0.993  MAE    0.165
03441000    戴维森河       NSE  0.961  MAE    0.229
0344894205  北叉斯旺纳诺阿    NSE  0.847  MAE    0.147
03450000    比特里溪       NSE -0.704  MAE    0.120
训练段中位 NSE 0.993

站号          名称             面积     NSE    持续NSE |     KGE    持续KGE |     r     变率比     偏置比 |      峰误差
03455000    纽波特          4812   0.845    0.865 |   0.653    0.691 |  0.97    1.26    1.23 |    3.5%
03454500    温泉镇          4058   0.815    0.702 |   0.906    0.837 |  0.91    1.03    1.00 |   -0.0%
03453500    马歇尔          3450   0.531    0.603 |   0.658    0.771 |  0.86    1.31    1.01 |   -1.2%
03451500    阿什维尔         2448   0.771    0.713 |   0.824    0.822 |  0.91    1.15    1.02 |    0.6%
03447687    弗莱彻          1658   0.841    0.804 |   0.884    0.881 |  0.93    1.09    1.00 |    0.3%
03443000    布兰太尔          767   0.819    0.804 |   0.870    0.889 |  0.91    0.97    0.91 |   -7.9%
03453000    艾维河           409   0.310    0.127 |   0.374    0.500 |  0.63    0.77    0.55 |  -35.5%
03451000    斯旺纳诺阿         337   0.338    0.507 |   0.514    0.693 |  0.82    1.36    0.74 |   -4.8%
0344878100  霍米尼溪          269   0.085    0.787 |   0.190    0.892 |  0.89    1.61    0.48 |  -55.6%
03439000    罗斯曼           176   0.484    0.487 |   0.461    0.580 |  0.72    0.69    0.66 |  -17.5%
03446000    米尔斯河          173   0.354    0.297 |   0.209    0.314 |  0.64    0.45    0.56 |   -1.5%
0344632850  马德溪           127   0.101    0.357 |   0.372    0.647 |  0.76    1.41    0.59 |  -48.3%
03441000    戴维森河          105   0.544    0.619 |   0.329    0.641 |  0.78    0.63    0.49 |  -48.3%
0344894205  北叉斯旺纳诺阿        38   0.242    0.178 |   0.207    0.463 |  0.65    0.80    0.32 |  -39.8%
03450000    比特里溪           14  -0.448    0.347 |  -0.355    0.590 |  0.30    0.31    0.07 |  -16.6%

中位 NSE 0.484  持续性 0.603  胜出 7/15
中位 KGE 0.461  持续性 0.691  胜出 3/15
大洪水时段 NSE 0.768

预见期   +1h   +3h   +6h  +12h  +24h
中位NSE 0.990  0.903  0.798  0.578  0.193
结果已写入 runs/site_model_dlinear_cnn
