断面 15 个  时间轴 2015-06-01 00:00:00 ~ 2024-12-31 00:00:00  共 84025 小时
累积降雨数组 (84025, 128, 128)  5.51 GB
变换 log1p
train 29949 个样本
val   13017 个样本
test  14049 个样本
设备 cuda  参数量 74.5 千  空间分支 开  预见期降雨 有  自注意力 无  站点token 无  面积特征 关
损失 huber
  第   1 轮  训练 0.0293  验证 0.0277
  第   5 轮  训练 0.0218  验证 0.0241
  第  10 轮  训练 0.0201  验证 0.0223
  第  15 轮  训练 0.0186  验证 0.0215
  第  20 轮  训练 0.0177  验证 0.0206
  第  25 轮  训练 0.0175  验证 0.0208
  第  30 轮  训练 0.0165  验证 0.0200
  第  35 轮  训练 0.0163  验证 0.0202
  第  40 轮  训练 0.0157  验证 0.0197
  第  45 轮  训练 0.0154  验证 0.0197
  第  50 轮  训练 0.0151  验证 0.0200
  第  55 轮  训练 0.0149  验证 0.0201
  第  60 轮  训练 0.0144  验证 0.0197
  第  65 轮  训练 0.0140  验证 0.0193
  第  70 轮  训练 0.0136  验证 0.0193
  第  75 轮  训练 0.0134  验证 0.0192
  第  80 轮  训练 0.0131  验证 0.0195
  第  85 轮  训练 0.0130  验证 0.0191
  第  90 轮  训练 0.0124  验证 0.0195
  第  95 轮  训练 0.0120  验证 0.0197
  第 100 轮  训练 0.0118  验证 0.0199
  第 105 轮  训练 0.0115  验证 0.0198
  第 110 轮  训练 0.0112  验证 0.0199
