断面 15 个  时间轴 2015-06-01 00:00:00 ~ 2024-12-31 00:00:00  共 84025 小时
累积降雨数组 (84025, 128, 128)  5.51 GB
变换 gstd：全局标准化（所有断面 pooled 只估一个均值/标准差）
全局均值 36.30  全局标准差 63.21 m³/s
train 29949 个样本
val   13017 个样本
test  14049 个样本
设备 cuda  参数量 121.0 千  空间分支 开  预见期降雨 有  自注意力头数 4
损失 huber
  第   1 轮  训练 0.0119  验证 0.0067
  第   5 轮  训练 0.0087  验证 0.0056
  第  10 轮  训练 0.0079  验证 0.0052
  第  15 轮  训练 0.0072  验证 0.0050
  第  20 轮  训练 0.0068  验证 0.0049
  第  25 轮  训练 0.0063  验证 0.0046
  第  30 轮  训练 0.0059  验证 0.0047
  第  35 轮  训练 0.0060  验证 0.0045
  第  40 轮  训练 0.0057  验证 0.0052
  第  45 轮  训练 0.0053  验证 0.0045
  第  50 轮  训练 0.0048  验证 0.0048
  第  55 轮  训练 0.0045  验证 0.0049
  第  60 轮  训练 0.0044  验证 0.0046
  第  65 轮  训练 0.0041  验证 0.0049
  第  70 轮  训练 0.0040  验证 0.0047
  第  75 轮  训练 0.0038  验证 0.0048
  第  80 轮  训练 0.0038  验证 0.0053
  第  85 轮  训练 0.0036  验证 0.0049
  第  90 轮  训练 0.0034  验证 0.0048
  第  95 轮  训练 0.0032  验证 0.0047
  第 100 轮  训练 0.0031  验证 0.0050
  第 105 轮  训练 0.0033  验证 0.0047
  第 110 轮  训练 0.0029  验证 0.0051
  第 115 轮  训练 0.0028  验证 0.0049
  第 120 轮  训练 0.0029  验证 0.0051
  第 125 轮  训练 0.0028  验证 0.0049
  第 130 轮  训练 0.0026  验证 0.0050
  第 135 轮  训练 0.0026  验证 0.0048
  第 140 轮  训练 0.0025  验证 0.0051
  第 145 轮  训练 0.0024  验证 0.0049
  第 150 轮  训练 0.0024  验证 0.0050
  第 155 轮  训练 0.0023  验证 0.0053
  第 156 轮早停

站号          名称             面积     NSE    持续NSE |     KGE    持续KGE |     r     变率比     偏置比 |      峰误差
03455000    纽波特          4812   0.903    0.943 |   0.878    0.927 |  0.95    0.90    0.96 |   -0.2%
03454500    温泉镇          4058   0.918    0.901 |   0.887    0.948 |  0.96    0.90    0.97 |   -0.4%
03453500    马歇尔          3450   0.925    0.902 |   0.842    0.936 |  0.97    0.85    0.97 |    0.0%
03451500    阿什维尔         2448   0.935    0.900 |   0.924    0.932 |  0.97    0.93    0.98 |    0.2%
03447687    弗莱彻          1658   0.942    0.928 |   0.874    0.962 |  0.98    0.88    0.98 |   -0.0%
03443000    布兰太尔          767   0.935    0.934 |   0.927    0.948 |  0.97    0.94    0.98 |   -0.4%
03453000    艾维河           409   0.758    0.560 |   0.800    0.786 |  0.87    0.91    0.87 |   -1.5%
03451000    斯旺纳诺阿         337   0.770    0.704 |   0.707    0.764 |  0.89    0.77    0.85 |   -1.3%
0344878100  霍米尼溪          269   0.605    0.779 |   0.761    0.790 |  0.81    1.01    0.85 |    2.2%
03439000    罗斯曼           176   0.763    0.716 |   0.776    0.787 |  0.88    0.82    0.95 |   -0.1%
03446000    米尔斯河          173   0.608    0.488 |   0.476    0.448 |  0.85    0.51    0.88 |    0.9%
0344632850  马德溪           127   0.671    0.831 |   0.693    0.890 |  0.82    0.83    0.82 |   -0.5%
03441000    戴维森河          105   0.765    0.748 |   0.809    0.772 |  0.88    0.87    0.95 |    5.6%
0344894205  北叉斯旺纳诺阿        38   0.663    0.609 |   0.601    0.678 |  0.82    0.79    0.71 |   -5.6%
03450000    比特里溪           14  -0.770    0.603 |   0.145    0.612 |  0.65    1.74    0.74 |  -10.8%

中位 NSE 0.765  持续性 0.779  胜出 11/15
中位 KGE 0.800  持续性 0.790  胜出 3/15
大洪水时段 NSE 0.920
结果已写入 runs/site_model_gstd_attn
