断面 15 个  时间轴 2015-06-01 00:00:00 ~ 2024-12-31 00:00:00  共 84025 小时
累积降雨数组 (84025, 128, 128)  5.51 GB
变换 gstd：全局标准化（所有断面 pooled 只估一个均值/标准差）
全局均值 36.30  全局标准差 63.22 m³/s
train 29395 个样本
val   6401 个样本
test  6968 个样本
逐站损失权重 纽波特:0.22 温泉镇:0.24 马歇尔:0.39 阿什维尔:0.49 弗莱彻:0.83 布兰太尔:2.65 艾维河:20.71 斯旺纳诺阿:22.60 霍米尼溪:94.62 罗斯曼:23.95 米尔斯河:57.91 马德溪:69.20 戴维森河:64.22 北叉斯旺纳诺阿:296.78 比特里溪:1000.00
设备 cuda  参数量 81.1 千  空间分支 开  预见期降雨 有  自注意力 无  站点token 无  面积特征 关  单步+滚动24h
损失 huber_nse（delta=1.0，逐站方差归一加权，仅训练）
  第   1 轮  训练 0.0001  验证 0.0004
  第   5 轮  训练 0.0001  验证 0.0004
  第  10 轮  训练 0.0001  验证 0.0005
  第  15 轮  训练 0.0001  验证 0.0005
  第  20 轮  训练 0.0001  验证 0.0005
  第  25 轮  训练 0.0001  验证 0.0005
  第  30 轮  训练 0.0001  验证 0.0004
  第  35 轮  训练 0.0001  验证 0.0004
  第  40 轮  训练 0.0000  验证 0.0004
  第  45 轮  训练 0.0000  验证 0.0003
  第  50 轮  训练 0.0000  验证 0.0003
  第  55 轮  训练 0.0000  验证 0.0003
  第  60 轮  训练 0.0000  验证 0.0003
  第  65 轮  训练 0.0000  验证 0.0003
  第  70 轮  训练 0.0000  验证 0.0003
  第  75 轮  训练 0.0000  验证 0.0003
  第  80 轮  训练 0.0000  验证 0.0003
  第  85 轮  训练 0.0000  验证 0.0005
  第  90 轮  训练 0.0000  验证 0.0002
  第  95 轮  训练 0.0000  验证 0.0003
  第 100 轮  训练 0.0000  验证 0.0003
  第 105 轮  训练 0.0000  验证 0.0005
  第 110 轮  训练 0.0000  验证 0.0002
  第 115 轮  训练 0.0000  验证 0.0003
  第 120 轮  训练 0.0000  验证 0.0003
  第 125 轮  训练 0.0000  验证 0.0005
  第 130 轮  训练 0.0000  验证 0.0006
  第 135 轮  训练 0.0000  验证 0.0004
  第 140 轮  训练 0.0000  验证 0.0003
  第 145 轮  训练 0.0000  验证 0.0003
  第 150 轮  训练 0.0000  验证 0.0004
  第 155 轮  训练 0.0000  验证 0.0003
  第 160 轮  训练 0.0000  验证 0.0003
  第 165 轮  训练 0.0000  验证 0.0003
  第 170 轮  训练 0.0000  验证 0.0003
  第 175 轮  训练 0.0000  验证 0.0003
  第 180 轮  训练 0.0000  验证 0.0003
  第 185 轮  训练 0.0000  验证 0.0003
  第 190 轮  训练 0.0000  验证 0.0003
  第 190 轮早停

站号          名称             面积     NSE    持续NSE |     KGE    持续KGE |     r     变率比     偏置比 |      峰误差
03455000    纽波特          4812  -2.435    0.684 |  -0.754    0.480 |  0.86    2.60    1.70 |  132.5%
03454500    温泉镇          4058   0.061    0.725 |   0.273    0.801 |  0.86    1.68    1.20 |    6.3%
03453500    马歇尔          3450  -0.061    0.754 |   0.222    0.776 |  0.85    1.74    1.19 |    4.1%
03451500    阿什维尔         2448   0.660    0.733 |   0.759    0.812 |  0.87    1.20    1.06 |    0.4%
03447687    弗莱彻          1658   0.691    0.739 |   0.624    0.836 |  0.85    0.67    0.91 |   -0.1%
03443000    布兰太尔          767   0.856    0.788 |   0.900    0.869 |  0.93    0.98    0.93 |   -1.3%
03453000    艾维河           409  -0.078    0.448 |   0.475    0.702 |  0.67    1.39    0.89 |  -25.5%
03451000    斯旺纳诺阿         337   0.763    0.701 |   0.851    0.810 |  0.90    1.10    0.96 |   -3.1%
0344878100  霍米尼溪          269   0.149    0.358 |   0.287    0.496 |  0.48    0.59    0.73 |  -53.3%
03439000    罗斯曼           176   0.510    0.576 |   0.759    0.773 |  0.77    1.06    0.95 |  -41.5%
03446000    米尔斯河          173   0.492    0.484 |   0.380    0.446 |  0.77    0.46    0.81 |  -10.4%
0344632850  马德溪           127   0.268    0.345 |   0.390    0.575 |  0.56    0.70    0.70 |  -61.3%
03441000    戴维森河          105   0.628    0.494 |   0.729    0.752 |  0.80    0.87    0.87 |  -42.6%
0344894205  北叉斯旺纳诺阿        38   0.508    0.467 |   0.448    0.600 |  0.94    1.55    0.95 |   -1.5%
03450000    比特里溪           14   0.456    0.488 |   0.150    0.480 |  0.77    0.54    0.33 |   -9.8%

中位 NSE 0.492  持续性 0.576  胜出 5/15
中位 KGE 0.448  持续性 0.752  胜出 2/15
大洪水时段 NSE -0.056

预见期   +1h   +3h   +6h  +12h  +24h
中位NSE 0.989  0.908  0.797  0.422  0.162
结果已写入 runs/site_model_step2
