断面 15 个  时间轴 2015-06-01 00:00:00 ~ 2024-12-31 00:00:00  共 84025 小时
累积降雨数组 (84025, 128, 128)  5.51 GB
变换 gstd：全局标准化（所有断面 pooled 只估一个均值/标准差）
全局均值 36.30  全局标准差 63.22 m³/s
train 29395 个样本
val   6401 个样本
test  6968 个样本
逐站损失权重 纽波特:0.22 温泉镇:0.24 马歇尔:0.39 阿什维尔:0.49 弗莱彻:0.83 布兰太尔:2.65 艾维河:20.71 斯旺纳诺阿:22.60 霍米尼溪:94.62 罗斯曼:23.95 米尔斯河:57.91 马德溪:69.20 戴维森河:64.22 北叉斯旺纳诺阿:296.78 比特里溪:1000.00
D:\chengs\CAMS\scripts\train.py:147: UserWarning: expandable_segments not supported on this platform (Triggered internally at C:\actions-runner\_work\pytorch\pytorch\c10/cuda/CUDAAllocatorConfig.h:40.)
  ds.cs = torch.from_numpy(ds.cs).to(device)          # 常驻 GPU
设备 cuda  参数量 81.1 千  空间分支 开  预见期降雨 有  自注意力 无  站点token 无  面积特征 关  单步+滚动24h
展开式训练 unroll=12：滚动 12 步逐步回灌，损失打在每步上（训练加权、验证不加权）
  第   1 轮  训练 0.0001  验证 0.0004
  第   5 轮  训练 0.0001  验证 0.0004
  第  10 轮  训练 0.0001  验证 0.0004
  第  15 轮  训练 0.0001  验证 0.0004
  第  20 轮  训练 0.0001  验证 0.0003
  第  25 轮  训练 0.0000  验证 0.0005
  第  30 轮  训练 0.0000  验证 0.0004
  第  35 轮  训练 0.0000  验证 0.0004
  第  40 轮  训练 0.0000  验证 0.0004
  第  45 轮  训练 0.0000  验证 0.0004
  第  50 轮  训练 0.0000  验证 0.0003
  第  55 轮  训练 0.0000  验证 0.0003
  第  60 轮  训练 0.0000  验证 0.0003
  第  65 轮  训练 0.0000  验证 0.0004
  第  70 轮  训练 0.0000  验证 0.0003
  第  75 轮  训练 0.0000  验证 0.0003
  第  80 轮  训练 0.0000  验证 0.0003
  第  85 轮  训练 0.0000  验证 0.0003
  第  90 轮  训练 0.0000  验证 0.0003
  第  95 轮  训练 0.0000  验证 0.0003
  第 100 轮  训练 0.0000  验证 0.0003
  第 105 轮  训练 0.0000  验证 0.0003
  第 110 轮  训练 0.0000  验证 0.0003
  第 115 轮  训练 0.0000  验证 0.0003
  第 120 轮  训练 0.0000  验证 0.0003
  第 120 轮早停

站号          名称             面积     NSE    持续NSE |     KGE    持续KGE |     r     变率比     偏置比 |      峰误差
03455000    纽波特          4812   0.701    0.684 |   0.590    0.480 |  0.95    1.39    1.10 |    2.0%
03454500    温泉镇          4058   0.684    0.725 |   0.720    0.801 |  0.83    0.78    0.95 |   -0.5%
03453500    马歇尔          3450   0.734    0.754 |   0.692    0.776 |  0.87    0.72    0.96 |   -0.2%
03451500    阿什维尔         2448   0.702    0.733 |   0.674    0.812 |  0.85    0.71    0.95 |   -0.2%
03447687    弗莱彻          1658   0.713    0.739 |   0.614    0.836 |  0.88    0.64    0.93 |   -0.5%
03443000    布兰太尔          767   0.848    0.788 |   0.911    0.869 |  0.92    0.97    1.03 |   -0.3%
03453000    艾维河           409   0.100    0.448 |   0.311    0.702 |  0.85    1.64    1.21 |   -0.3%
03451000    斯旺纳诺阿         337   0.723    0.701 |   0.666    0.810 |  0.92    1.24    1.21 |    1.8%
0344878100  霍米尼溪          269   0.067    0.358 |   0.366    0.496 |  0.82    1.57    1.21 |   -5.0%
03439000    罗斯曼           176   0.498    0.576 |   0.733    0.773 |  0.78    1.09    1.11 |  -14.2%
03446000    米尔斯河          173   0.489    0.484 |   0.502    0.446 |  0.71    0.60    1.06 |    0.6%
0344632850  马德溪           127   0.446    0.345 |   0.572    0.575 |  0.67    0.73    1.06 |  -48.9%
03441000    戴维森河          105   0.298    0.494 |   0.640    0.752 |  0.71    1.17    1.14 |   -5.8%
0344894205  北叉斯旺纳诺阿        38   0.198    0.467 |   0.414    0.600 |  0.82    1.50    1.25 |    1.4%
03450000    比特里溪           14 -12.425    0.488 |  -2.617    0.480 |  0.91    4.54    1.75 |   17.4%

中位 NSE 0.498  持续性 0.576  胜出 5/15
中位 KGE 0.614  持续性 0.752  胜出 3/15
大洪水时段 NSE 0.705

预见期   +1h   +3h   +6h  +12h  +24h
中位NSE 0.992  0.937  0.861  0.589  -0.031
结果已写入 runs/site_model_step3
