断面 15 个  时间轴 2015-06-01 00:00:00 ~ 2024-12-31 00:00:00  共 84025 小时
累积降雨数组 (84025, 128, 128)  5.51 GB
变换 std：无非线性变换，直接输出逐站标准化流量
train 29949 个样本
val   13017 个样本
test  14049 个样本
设备 cuda  参数量 74.9 千  空间分支 开  预见期降雨 有  自注意力 无  站点token 无  面积特征 开
损失 huber
  第   1 轮  训练 0.0439  验证 0.0243
  第   5 轮  训练 0.0327  验证 0.0205
  第  10 轮  训练 0.0288  验证 0.0207
  第  15 轮  训练 0.0266  验证 0.0193
  第  20 轮  训练 0.0255  验证 0.0187
  第  25 轮  训练 0.0240  验证 0.0186
  第  30 轮  训练 0.0231  验证 0.0196
  第  35 轮  训练 0.0225  验证 0.0198
  第  40 轮  训练 0.0216  验证 0.0184
  第  45 轮  训练 0.0213  验证 0.0188
  第  50 轮  训练 0.0205  验证 0.0205
  第  55 轮  训练 0.0198  验证 0.0184
  第  60 轮  训练 0.0191  验证 0.0196
  第  65 轮  训练 0.0187  验证 0.0201
  第  70 轮  训练 0.0180  验证 0.0197
  第  75 轮  训练 0.0178  验证 0.0206
  第  80 轮  训练 0.0169  验证 0.0199
  第  85 轮  训练 0.0168  验证 0.0202
