断面 15 个  时间轴 2015-06-01 00:00:00 ~ 2024-12-31 00:00:00  共 84025 小时
累积降雨数组 (84025, 128, 128)  5.51 GB
变换 gstd：全局标准化（所有断面 pooled 只估一个均值/标准差）
全局均值 36.30  全局标准差 63.21 m³/s
train 29949 个样本
val   13017 个样本
test  14049 个样本
设备 cuda  参数量 74.9 千  空间分支 开  预见期降雨 有  自注意力 无  站点token 无  面积特征 开
损失 huber
  第   1 轮  训练 0.0118  验证 0.0066
  第   5 轮  训练 0.0086  验证 0.0052
  第  10 轮  训练 0.0075  验证 0.0048
  第  15 轮  训练 0.0067  验证 0.0047
  第  20 轮  训练 0.0063  验证 0.0045
  第  25 轮  训练 0.0061  验证 0.0047
  第  30 轮  训练 0.0055  验证 0.0048
  第  35 轮  训练 0.0052  验证 0.0050
  第  40 轮  训练 0.0049  验证 0.0045
  第  45 轮  训练 0.0046  验证 0.0045
  第  50 轮  训练 0.0045  验证 0.0044
  第  55 轮  训练 0.0041  验证 0.0043
  第  60 轮  训练 0.0040  验证 0.0047
  第  65 轮  训练 0.0038  验证 0.0045
  第  70 轮  训练 0.0038  验证 0.0046
  第  75 轮  训练 0.0036  验证 0.0045
  第  80 轮  训练 0.0035  验证 0.0044
  第  85 轮  训练 0.0033  验证 0.0045
  第  90 轮  训练 0.0033  验证 0.0047
  第  95 轮  训练 0.0033  验证 0.0044
  第 100 轮  训练 0.0029  验证 0.0043
  第 105 轮  训练 0.0029  验证 0.0045
  第 110 轮  训练 0.0029  验证 0.0043
  第 115 轮  训练 0.0029  验证 0.0047
  第 120 轮  训练 0.0028  验证 0.0046
  第 125 轮  训练 0.0027  验证 0.0044
  第 130 轮  训练 0.0025  验证 0.0047
  第 135 轮  训练 0.0025  验证 0.0049
  第 140 轮  训练 0.0024  验证 0.0045
  第 145 轮  训练 0.0024  验证 0.0049
  第 150 轮  训练 0.0023  验证 0.0049
  第 155 轮  训练 0.0022  验证 0.0051
  第 160 轮  训练 0.0023  验证 0.0050
  第 163 轮早停

站号          名称             面积     NSE    持续NSE |     KGE    持续KGE |     r     变率比     偏置比 |      峰误差
03455000    纽波特          4812   0.899    0.943 |   0.878    0.927 |  0.95    0.89    0.97 |    0.5%
03454500    温泉镇          4058   0.926    0.901 |   0.905    0.948 |  0.96    0.91    0.99 |   -0.5%
03453500    马歇尔          3450   0.924    0.902 |   0.840    0.936 |  0.97    0.84    0.98 |   -0.4%
03451500    阿什维尔         2448   0.939    0.900 |   0.928    0.932 |  0.97    0.94    0.99 |   -0.0%
03447687    弗莱彻          1658   0.955    0.928 |   0.896    0.962 |  0.98    0.90    0.99 |   -0.2%
03443000    布兰太尔          767   0.935    0.934 |   0.954    0.948 |  0.97    0.97    1.01 |    0.1%
03453000    艾维河           409   0.735    0.560 |   0.857    0.786 |  0.87    1.04    1.05 |   -0.5%
03451000    斯旺纳诺阿         337   0.763    0.704 |   0.877    0.764 |  0.89    1.04    1.03 |    1.0%
0344878100  霍米尼溪          269   0.684    0.779 |   0.808    0.790 |  0.83    0.92    1.06 |    2.6%
03439000    罗斯曼           176   0.743    0.716 |   0.731    0.787 |  0.87    0.77    1.03 |    0.7%
03446000    米尔斯河          173   0.773    0.488 |   0.750    0.448 |  0.89    0.78    1.01 |    0.8%
0344632850  马德溪           127   0.735    0.831 |   0.712    0.890 |  0.86    0.76    0.92 |   -0.3%
03441000    戴维森河          105   0.673    0.748 |   0.822    0.772 |  0.84    1.03    1.08 |    2.4%
0344894205  北叉斯旺纳诺阿        38   0.727    0.609 |   0.783    0.678 |  0.89    1.12    1.14 |    3.3%
03450000    比特里溪           14  -4.526    0.603 |  -1.153    0.612 |  0.79    3.04    1.67 |   32.5%

中位 NSE 0.763  持续性 0.779  胜出 10/15
中位 KGE 0.840  持续性 0.790  胜出 7/15
大洪水时段 NSE 0.924
结果已写入 runs/site_model_gstd_feat
