断面 15 个  时间轴 2015-06-01 00:00:00 ~ 2024-12-31 00:00:00  共 84025 小时
累积降雨数组 (84025, 128, 128)  5.51 GB
按日期划分  train 至 2023-01-01 00:00:00  |  val 至 2024-01-01 00:00:00  |  test 至 2024-12-31 00:00:00
变换 gstd：全局标准化（所有断面 pooled 只估一个均值/标准差）
全局均值 35.05  全局标准差 61.12 m³/s
train 33120 个样本
val   4843 个样本
test  4819 个样本
设备 cuda  参数量 162.9 千  结构 moe  空间分支 开  预见期降雨 有  自注意力 无  站点token 无  面积特征 关  掩膜池化 开  分位数×3  单步+滚动24h
损失 quantile（τ=0.1/0.5/0.9，pinball，逐站方差归一加权，仅训练）
  第   1 轮  训练 0.0076  验证 0.0022
  第   5 轮  训练 0.0037  验证 0.0023
  第  10 轮  训练 0.0033  验证 0.0025
  第  15 轮  训练 0.0031  验证 0.0019
  第  20 轮  训练 0.0029  验证 0.0017
  第  25 轮  训练 0.0029  验证 0.0020
  第  30 轮  训练 0.0027  验证 0.0017
  第  35 轮  训练 0.0026  验证 0.0020
  第  40 轮  训练 0.0026  验证 0.0017
  第  45 轮  训练 0.0024  验证 0.0016
  第  50 轮  训练 0.0024  验证 0.0017
  第  55 轮  训练 0.0024  验证 0.0016
  第  60 轮  训练 0.0023  验证 0.0016
  第  65 轮  训练 0.0023  验证 0.0016
  第  70 轮  训练 0.0022  验证 0.0016
  第  75 轮  训练 0.0021  验证 0.0015
  第  80 轮  训练 0.0020  验证 0.0016
  第  85 轮  训练 0.0020  验证 0.0016
  第  90 轮  训练 0.0019  验证 0.0015
  第  95 轮  训练 0.0019  验证 0.0016
  第 100 轮  训练 0.0019  验证 0.0016
  第 105 轮  训练 0.0019  验证 0.0017
  第 110 轮  训练 0.0018  验证 0.0016
  第 115 轮  训练 0.0018  验证 0.0015
  第 120 轮  训练 0.0017  验证 0.0016
  第 125 轮  训练 0.0017  验证 0.0016
  第 126 轮早停

训练段拟合（单步，教师强迫）
03455000    纽波特        NSE  0.999  MAE    1.025
03454500    温泉镇        NSE  0.998  MAE    1.452
03453500    马歇尔        NSE  0.999  MAE    0.637
03451500    阿什维尔       NSE  1.000  MAE    0.410
03447687    弗莱彻        NSE  1.000  MAE    0.327
03443000    布兰太尔       NSE  1.000  MAE    0.164
03453000    艾维河        NSE  0.997  MAE    0.145
03451000    斯旺纳诺阿      NSE  0.996  MAE    0.171
0344878100  霍米尼溪       NSE  0.985  MAE    0.089
03439000    罗斯曼        NSE  0.993  MAE    0.171
03446000    米尔斯河       NSE  0.998  MAE    0.100
0344632850  马德溪        NSE  0.995  MAE    0.102
03441000    戴维森河       NSE  0.986  MAE    0.124
0344894205  北叉斯旺纳诺阿    NSE  0.983  MAE    0.049
03450000    比特里溪       NSE  0.976  MAE    0.031
训练段中位 NSE 0.997

站号          名称             面积     NSE    持续NSE |     KGE    持续KGE |     r     变率比     偏置比 |      峰误差
03455000    纽波特          4812   0.908    0.865 |   0.936    0.691 |  0.96    1.04    0.98 |   -4.5%
03454500    温泉镇          4058   0.648    0.702 |   0.777    0.837 |  0.86    1.16    1.06 |    1.5%
03453500    马歇尔          3450   0.733    0.603 |   0.842    0.771 |  0.88    1.09    1.05 |   -0.8%
03451500    阿什维尔         2448   0.843    0.713 |   0.901    0.822 |  0.92    0.94    1.00 |    0.0%
03447687    弗莱彻          1658   0.834    0.804 |   0.791    0.881 |  0.92    0.81    0.98 |   -0.1%
03443000    布兰太尔          767   0.574    0.804 |   0.728    0.889 |  0.85    1.21    1.08 |    0.0%
03453000    艾维河           409   0.152    0.127 |   0.477    0.500 |  0.51    0.83    1.02 |   -6.8%
03451000    斯旺纳诺阿         337 -15.169    0.507 |  -2.786    0.693 |  0.78    4.73    1.59 |    1.3%
0344878100  霍米尼溪          269  -0.529    0.787 |   0.318    0.892 |  0.60    1.54    1.12 |  -23.6%
03439000    罗斯曼           176  -7.715    0.487 |  -1.216    0.580 |  0.30    3.09    1.20 |  -17.6%
03446000    米尔斯河          173   0.329    0.297 |   0.260    0.314 |  0.64    0.36    0.92 |   -1.0%
0344632850  马德溪           127  -0.823    0.357 |   0.095    0.647 |  0.66    1.77    1.33 |   -1.6%
03441000    戴维森河          105   0.453    0.619 |   0.373    0.641 |  0.74    0.44    0.89 |  -40.0%
0344894205  北叉斯旺纳诺阿        38 -35.042    0.178 |  -4.700    0.463 |  0.69    6.63    1.83 |    1.7%
03450000    比特里溪           14  -0.957    0.347 |  -0.184    0.590 |  0.43    1.13    2.03 |   55.5%

中位 NSE 0.329  持续性 0.603  胜出 6/15
中位 KGE 0.373  持续性 0.691  胜出 3/15
大洪水时段 NSE 0.768

预见期   +1h   +3h   +6h  +12h  +24h
中位NSE 0.987  0.962  0.875  0.474  -0.302

门控分工报告（数值=专家2的平均权重，越大越靠专家2；按面积排序）
03450000    比特里溪           14 km²  专家2权重 0.458
0344894205  北叉斯旺纳诺阿        38 km²  专家2权重 0.452
03441000    戴维森河          105 km²  专家2权重 0.449
0344632850  马德溪           127 km²  专家2权重 0.448
03446000    米尔斯河          173 km²  专家2权重 0.449
03439000    罗斯曼           176 km²  专家2权重 0.449
0344878100  霍米尼溪          269 km²  专家2权重 0.448
03451000    斯旺纳诺阿         337 km²  专家2权重 0.446
03453000    艾维河           409 km²  专家2权重 0.447
03443000    布兰太尔          767 km²  专家2权重 0.437
03447687    弗莱彻          1658 km²  专家2权重 0.441
03451500    阿什维尔         2448 km²  专家2权重 0.447
03453500    马歇尔          3450 km²  专家2权重 0.446
03454500    温泉镇          4058 km²  专家2权重 0.459
03455000    纽波特          4812 km²  专家2权重 0.658
按当前流量分档（全站合并）：
  小水 z< -0.49      专家2权重 0.450
  中水 z∈[-0.49, 0.46)  专家2权重 0.441
  大水 z∈[ 0.46, 3.37)  专家2权重 0.436
  特大 z∈[ 3.37,  inf)  专家2权重 0.828
结果已写入 runs/site_model_moe_mp
