断面 15 个  时间轴 2015-06-01 00:00:00 ~ 2024-12-31 00:00:00  共 84025 小时
累积降雨数组 (84025, 128, 128)  5.51 GB
按日期划分  train 至 2023-01-01 00:00:00  |  val 至 2024-01-01 00:00:00  |  test 至 2024-12-31 00:00:00
变换 gstd：全局标准化（所有断面 pooled 只估一个均值/标准差）
全局均值 35.05  全局标准差 61.12 m³/s
train 33120 个样本
val   4843 个样本
test  4819 个样本
设备 cuda  参数量 162.7 千  结构 moe  空间分支 开  预见期降雨 有  自注意力 无  站点token 无  面积特征 关  分位数×3  单步+滚动24h
损失 quantile（τ=0.1/0.5/0.9，pinball，逐站方差归一加权，仅训练）
  第   1 轮  训练 0.0046  验证 0.0023
  第   5 轮  训练 0.0035  验证 0.0020
  第  10 轮  训练 0.0032  验证 0.0021
  第  15 轮  训练 0.0030  验证 0.0019
  第  20 轮  训练 0.0028  验证 0.0017
  第  25 轮  训练 0.0028  验证 0.0016
  第  30 轮  训练 0.0026  验证 0.0016
  第  35 轮  训练 0.0026  验证 0.0016
  第  40 轮  训练 0.0024  验证 0.0016
  第  45 轮  训练 0.0025  验证 0.0016
  第  50 轮  训练 0.0024  验证 0.0016
  第  55 轮  训练 0.0023  验证 0.0016
  第  60 轮  训练 0.0023  验证 0.0016
  第  65 轮  训练 0.0023  验证 0.0016
  第  70 轮  训练 0.0022  验证 0.0016
  第  75 轮  训练 0.0022  验证 0.0016
  第  80 轮  训练 0.0021  验证 0.0016
  第  85 轮  训练 0.0020  验证 0.0016
  第  90 轮  训练 0.0020  验证 0.0016
  第  95 轮  训练 0.0019  验证 0.0015
  第 100 轮  训练 0.0019  验证 0.0016
  第 103 轮早停

训练段拟合（单步，教师强迫）
03455000    纽波特        NSE  0.999  MAE    1.110
03454500    温泉镇        NSE  0.997  MAE    1.611
03453500    马歇尔        NSE  0.999  MAE    0.723
03451500    阿什维尔       NSE  1.000  MAE    0.443
03447687    弗莱彻        NSE  1.000  MAE    0.396
03443000    布兰太尔       NSE  1.000  MAE    0.197
03453000    艾维河        NSE  0.993  MAE    0.171
03451000    斯旺纳诺阿      NSE  0.993  MAE    0.212
0344878100  霍米尼溪       NSE  0.973  MAE    0.118
03439000    罗斯曼        NSE  0.985  MAE    0.227
03446000    米尔斯河       NSE  0.996  MAE    0.117
0344632850  马德溪        NSE  0.994  MAE    0.119
03441000    戴维森河       NSE  0.980  MAE    0.154
0344894205  北叉斯旺纳诺阿    NSE  0.889  MAE    0.062
03450000    比特里溪       NSE  0.710  MAE    0.032
训练段中位 NSE 0.994

站号          名称             面积     NSE    持续NSE |     KGE    持续KGE |     r     变率比     偏置比 |      峰误差
03455000    纽波特          4812   0.336    0.865 |   0.342    0.691 |  0.90    1.57    1.32 |   63.1%
03454500    温泉镇          4058   0.555    0.702 |   0.624    0.837 |  0.88    1.35    1.05 |   -0.5%
03453500    马歇尔          3450   0.622    0.603 |   0.795    0.771 |  0.84    1.13    1.00 |   -1.9%
03451500    阿什维尔         2448   0.718    0.713 |   0.851    0.822 |  0.87    1.07    0.98 |    0.0%
03447687    弗莱彻          1658   0.893    0.804 |   0.875    0.881 |  0.95    0.89    0.97 |   -0.2%
03443000    布兰太尔          767   0.802    0.804 |   0.901    0.889 |  0.90    1.03    1.00 |   -0.7%
03453000    艾维河           409   0.362    0.127 |   0.468    0.500 |  0.60    0.65    0.93 |  -20.3%
03451000    斯旺纳诺阿         337   0.697    0.507 |   0.702    0.693 |  0.91    1.28    1.04 |  -12.1%
0344878100  霍米尼溪          269   0.794    0.787 |   0.846    0.892 |  0.89    0.89    1.00 |  -53.0%
03439000    罗斯曼           176  -0.960    0.487 |   0.043    0.580 |  0.70    1.90    1.11 |  -12.2%
03446000    米尔斯河          173   0.256    0.297 |   0.180    0.314 |  0.57    0.32    0.87 |   -9.5%
0344632850  马德溪           127   0.564    0.357 |   0.774    0.647 |  0.81    1.12    0.96 |  -50.6%
03441000    戴维森河          105   0.463    0.619 |   0.367    0.641 |  0.75    0.43    0.86 |  -40.0%
0344894205  北叉斯旺纳诺阿        38   0.698    0.178 |   0.831    0.463 |  0.86    1.03    1.08 |   -0.5%
03450000    比特里溪           14   0.140    0.347 |   0.360    0.590 |  0.53    0.77    1.36 |   -0.5%

中位 NSE 0.564  持续性 0.603  胜出 8/15
中位 KGE 0.702  持续性 0.691  胜出 6/15
大洪水时段 NSE 0.597

预见期   +1h   +3h   +6h  +12h  +24h
中位NSE 0.990  0.905  0.877  0.625  0.249

门控分工报告（数值=专家2的平均权重，越大越靠专家2；按面积排序）
03450000    比特里溪           14 km²  专家2权重 0.584
0344894205  北叉斯旺纳诺阿        38 km²  专家2权重 0.583
03441000    戴维森河          105 km²  专家2权重 0.581
0344632850  马德溪           127 km²  专家2权重 0.582
03446000    米尔斯河          173 km²  专家2权重 0.580
03439000    罗斯曼           176 km²  专家2权重 0.580
0344878100  霍米尼溪          269 km²  专家2权重 0.582
03451000    斯旺纳诺阿         337 km²  专家2权重 0.582
03453000    艾维河           409 km²  专家2权重 0.582
03443000    布兰太尔          767 km²  专家2权重 0.562
03447687    弗莱彻          1658 km²  专家2权重 0.544
03451500    阿什维尔         2448 km²  专家2权重 0.547
03453500    马歇尔          3450 km²  专家2权重 0.555
03454500    温泉镇          4058 km²  专家2权重 0.546
03455000    纽波特          4812 km²  专家2权重 0.320
按当前流量分档（全站合并）：
  小水 z< -0.49      专家2权重 0.583
  中水 z∈[-0.49, 0.46)  专家2权重 0.575
  大水 z∈[ 0.46, 3.37)  专家2权重 0.521
  特大 z∈[ 3.37,  inf)  专家2权重 0.144
结果已写入 runs/site_model_moe
