断面 15 个  时间轴 2015-06-01 00:00:00 ~ 2024-12-31 00:00:00  共 84025 小时
累积降雨数组 (84025, 128, 128)  5.51 GB
变换 yeo-johnson（全局 lambda=-0.075）
train 29949 个样本
val   13017 个样本
test  14049 个样本
设备 cuda  参数量 74.5 千  空间分支 开  预见期降雨 有
损失 huber
  第   1 轮  训练 0.0281  验证 0.0272
  第   5 轮  训练 0.0210  验证 0.0237
  第  10 轮  训练 0.0195  验证 0.0220
  第  15 轮  训练 0.0181  验证 0.0210
  第  20 轮  训练 0.0172  验证 0.0202
  第  25 轮  训练 0.0169  验证 0.0206
  第  30 轮  训练 0.0160  验证 0.0196
  第  35 轮  训练 0.0158  验证 0.0197
  第  40 轮  训练 0.0153  验证 0.0193
  第  45 轮  训练 0.0149  验证 0.0194
  第  50 轮  训练 0.0147  验证 0.0194
  第  55 轮  训练 0.0144  验证 0.0197
  第  60 轮  训练 0.0140  验证 0.0196
  第  65 轮  训练 0.0135  验证 0.0188
  第  70 轮  训练 0.0131  验证 0.0188
  第  75 轮  训练 0.0129  验证 0.0188
  第  80 轮  训练 0.0125  验证 0.0193
  第  85 轮  训练 0.0123  验证 0.0192
  第  90 轮  训练 0.0118  验证 0.0193
  第  95 轮  训练 0.0114  验证 0.0193
  第 100 轮  训练 0.0113  验证 0.0191
  第 105 轮  训练 0.0110  验证 0.0193
  第 110 轮  训练 0.0106  验证 0.0194
  第 115 轮  训练 0.0103  验证 0.0196
  第 120 轮  训练 0.0101  验证 0.0203
  第 125 轮  训练 0.0098  验证 0.0201
  第 130 轮  训练 0.0096  验证 0.0204
  第 135 轮  训练 0.0094  验证 0.0204
  第 140 轮  训练 0.0090  验证 0.0206
  第 145 轮  训练 0.0090  验证 0.0208
  第 150 轮  训练 0.0088  验证 0.0210
  第 155 轮  训练 0.0085  验证 0.0208
  第 160 轮  训练 0.0084  验证 0.0213
  第 165 轮  训练 0.0083  验证 0.0216
  第 170 轮  训练 0.0080  验证 0.0218
  第 175 轮  训练 0.0080  验证 0.0219
  第 180 轮  训练 0.0077  验证 0.0220
  第 185 轮  训练 0.0076  验证 0.0216
  第 186 轮早停

站号          名称             面积     NSE    持续NSE |     KGE    持续KGE |     r     变率比     偏置比 |      峰误差
Traceback (most recent call last):
  File "D:\chengs\CAMS\scripts\train.py", line 492, in <module>
    main()
  File "D:\chengs\CAMS\scripts\train.py", line 448, in main
    op = inv(obs_n[mk], i).max(axis=1)
         ^^^^^^^^^^^^^^^^^^^^^^^^^^^^^
  File "C:\Users\DELL\.conda\envs\HydroModel\Lib\site-packages\numpy\_core\_methods.py", line 41, in _amax
    return umr_maximum(a, axis, None, out, keepdims, initial, where)
           ^^^^^^^^^^^^^^^^^^^^^^^^^^^^^^^^^^^^^^^^^^^^^^^^^^^^^^^^^
numpy.exceptions.AxisError: axis 1 is out of bounds for array of dimension 1
