断面 15 个  时间轴 2015-06-01 00:00:00 ~ 2024-12-31 00:00:00  共 84025 小时
累积降雨数组 (84025, 128, 128)  5.51 GB
train 29949 个样本
val   13017 个样本
test  14049 个样本
设备 cuda  参数量 74.5 千  空间分支 开  预见期降雨 有
损失 huber
  第   1 轮  训练 0.0280  验证 0.0261
  第   5 轮  训练 0.0209  验证 0.0232
  第  10 轮  训练 0.0188  验证 0.0218
  第  15 轮  训练 0.0175  验证 0.0207
  第  20 轮  训练 0.0168  验证 0.0199
  第  25 轮  训练 0.0164  验证 0.0197
  第  30 轮  训练 0.0157  验证 0.0198
  第  35 轮  训练 0.0155  验证 0.0195
  第  40 轮  训练 0.0154  验证 0.0196

站号          名称             面积     NSE    持续NSE |     KGE    持续KGE |     r     变率比     偏置比 |      峰误差
03455000    纽波特          4812   0.810    0.943 |   0.703    0.927 |  0.92    0.74    0.89 |    1.4%
03454500    温泉镇          4058   0.642    0.901 |   0.741    0.948 |  0.87    1.23    1.02 |    0.1%
03453500    马歇尔          3450   0.612    0.902 |   0.725    0.936 |  0.87    1.24    1.01 |    0.4%
03451500    阿什维尔         2448   0.823    0.900 |   0.904    0.932 |  0.92    1.05    1.00 |    0.4%
03447687    弗莱彻          1658   0.893    0.928 |   0.919    0.962 |  0.95    0.94    0.99 |   -0.2%
03443000    布兰太尔          767   0.922    0.934 |   0.928    0.948 |  0.96    0.94    0.99 |   -0.2%
03453000    艾维河           409   0.439    0.560 |   0.643    0.786 |  0.82    1.31    0.99 |   -1.4%
03451000    斯旺纳诺阿         337   0.537    0.704 |   0.706    0.764 |  0.84    1.25    1.00 |   -1.2%
0344878100  霍米尼溪          269   0.705    0.779 |   0.790    0.790 |  0.84    0.87    0.96 |   -7.0%
03439000    罗斯曼           176   0.791    0.716 |   0.738    0.787 |  0.90    0.76    0.95 |   -2.0%
03446000    米尔斯河          173   0.823    0.488 |   0.716    0.448 |  0.93    0.73    0.96 |   -0.4%
0344632850  马德溪           127   0.660    0.831 |   0.618    0.890 |  0.83    0.67    0.91 |  -14.0%
03441000    戴维森河          105   0.340    0.748 |   0.518    0.772 |  0.84    1.46    1.00 |   -1.2%
0344894205  北叉斯旺纳诺阿        38   0.737    0.609 |   0.750    0.678 |  0.86    0.80    0.96 |   -1.6%
03450000    比特里溪           14   0.743    0.603 |   0.699    0.612 |  0.87    0.73    0.97 |   -1.1%

中位 NSE 0.737  持续性 0.779  胜出 4/15
中位 KGE 0.725  持续性 0.790  胜出 3/15
大洪水时段 NSE 0.733
结果已写入 runs/site_model
