断面 15 个  时间轴 2015-06-01 00:00:00 ~ 2024-12-31 00:00:00  共 84025 小时
累积降雨数组 (84025, 128, 128)  5.51 GB
按日期划分  train 至 2023-01-01 00:00:00  |  val 至 2024-01-01 00:00:00  |  test 至 2024-12-31 00:00:00
变换 gstd：全局标准化（所有断面 pooled 只估一个均值/标准差）
全局均值 35.05  全局标准差 61.12 m³/s
train 33120 个样本
val   4843 个样本
test  4819 个样本
设备 cuda  参数量 81.3 千  空间分支 开  预见期降雨 有  自注意力 无  站点token 无  面积特征 关  分位数×3  单步+滚动24h
损失 quantile（τ=0.1/0.5/0.9，pinball，逐站方差归一加权，仅训练）
  第   1 轮  训练 0.0058  验证 0.0022
  第   5 轮  训练 0.0035  验证 0.0020
  第  10 轮  训练 0.0033  验证 0.0021
  第  15 轮  训练 0.0030  验证 0.0020
  第  20 轮  训练 0.0029  验证 0.0017
  第  25 轮  训练 0.0028  验证 0.0017
  第  30 轮  训练 0.0027  验证 0.0017
  第  35 轮  训练 0.0027  验证 0.0016
  第  40 轮  训练 0.0026  验证 0.0016
  第  45 轮  训练 0.0025  验证 0.0018
  第  50 轮  训练 0.0025  验证 0.0015
  第  55 轮  训练 0.0024  验证 0.0016
  第  60 轮  训练 0.0024  验证 0.0015
  第  65 轮  训练 0.0023  验证 0.0015
  第  70 轮  训练 0.0023  验证 0.0015
  第  75 轮  训练 0.0022  验证 0.0015
  第  80 轮  训练 0.0022  验证 0.0015
  第  85 轮  训练 0.0022  验证 0.0015
  第  90 轮  训练 0.0022  验证 0.0015
  第  95 轮  训练 0.0021  验证 0.0015
  第 100 轮  训练 0.0021  验证 0.0015
  第 105 轮  训练 0.0020  验证 0.0014
  第 110 轮  训练 0.0020  验证 0.0016
  第 114 轮早停

训练段拟合（单步，教师强迫）
03455000    纽波特        NSE  0.999  MAE    1.146
03454500    温泉镇        NSE  0.996  MAE    1.615
03453500    马歇尔        NSE  0.999  MAE    0.726
03451500    阿什维尔       NSE  1.000  MAE    0.445
03447687    弗莱彻        NSE  1.000  MAE    0.386
03443000    布兰太尔       NSE  1.000  MAE    0.185
03453000    艾维河        NSE  0.993  MAE    0.165
03451000    斯旺纳诺阿      NSE  0.992  MAE    0.214
0344878100  霍米尼溪       NSE  0.974  MAE    0.113
03439000    罗斯曼        NSE  0.979  MAE    0.225
03446000    米尔斯河       NSE  0.996  MAE    0.114
0344632850  马德溪        NSE  0.995  MAE    0.107
03441000    戴维森河       NSE  0.981  MAE    0.146
0344894205  北叉斯旺纳诺阿    NSE  0.880  MAE    0.058
03450000    比特里溪       NSE  0.012  MAE    0.036
训练段中位 NSE 0.995

站号          名称             面积     NSE    持续NSE |     KGE    持续KGE |     r     变率比     偏置比 |      峰误差
03455000    纽波特          4812  -1.615    0.865 |  -0.469    0.691 |  0.83    2.30    1.66 |  188.1%
03454500    温泉镇          4058  -1.073    0.702 |  -0.182    0.837 |  0.83    2.16    1.16 |   -1.3%
03453500    马歇尔          3450  -1.373    0.603 |  -0.238    0.771 |  0.80    2.22    1.10 |   -1.1%
03451500    阿什维尔         2448  -0.758    0.713 |   0.022    0.822 |  0.78    1.95    1.07 |   -0.4%
03447687    弗莱彻          1658   0.652    0.804 |   0.767    0.881 |  0.87    1.19    0.98 |   -0.8%
03443000    布兰太尔          767   0.852    0.804 |   0.894    0.889 |  0.92    0.93    0.97 |   -1.1%
03453000    艾维河           409   0.517    0.127 |   0.663    0.500 |  0.73    0.81    0.94 |  -12.5%
03451000    斯旺纳诺阿         337   0.783    0.507 |   0.847    0.693 |  0.91    1.12    1.02 |   -7.8%
0344878100  霍米尼溪          269   0.650    0.787 |   0.614    0.892 |  0.92    1.38    1.04 |  -23.1%
03439000    罗斯曼           176   0.608    0.487 |   0.620    0.580 |  0.79    0.69    0.93 |  -11.6%
03446000    米尔斯河          173   0.284    0.297 |   0.214    0.314 |  0.59    0.35    0.86 |   -8.6%
0344632850  马德溪           127   0.529    0.357 |   0.761    0.647 |  0.80    1.11    0.95 |  -59.2%
03441000    戴维森河          105   0.523    0.619 |   0.429    0.641 |  0.78    0.49    0.87 |  -43.1%
0344894205  北叉斯旺纳诺阿        38   0.492    0.178 |   0.625    0.463 |  0.85    1.34    1.08 |   -0.6%
03450000    比特里溪           14   0.291    0.347 |   0.464    0.590 |  0.56    0.70    0.94 |  -18.3%

中位 NSE 0.517  持续性 0.603  胜出 6/15
中位 KGE 0.614  持续性 0.691  胜出 6/15
大洪水时段 NSE -0.965

预见期   +1h   +3h   +6h  +12h  +24h
中位NSE 0.993  0.903  0.876  0.576  0.055
结果已写入 runs/site_model_step4
