断面 15 个  时间轴 2015-06-01 00:00:00 ~ 2024-12-31 00:00:00  共 84025 小时
累积降雨数组 (84025, 128, 128)  5.51 GB
train 29949 个样本
val   13017 个样本
test  14049 个样本
设备 cuda  参数量 74.5 千  空间分支 开  预见期降雨 有
损失 huber
  第   1 轮  训练 0.0293  验证 0.0277
  第   5 轮  训练 0.0218  验证 0.0241
  第  10 轮  训练 0.0202  验证 0.0223
  第  15 轮  训练 0.0187  验证 0.0215
  第  20 轮  训练 0.0177  验证 0.0205
  第  25 轮  训练 0.0174  验证 0.0210
  第  30 轮  训练 0.0165  验证 0.0199
  第  35 轮  训练 0.0162  验证 0.0203
  第  40 轮  训练 0.0158  验证 0.0196
  第  45 轮  训练 0.0154  验证 0.0197
  第  50 轮  训练 0.0152  验证 0.0199
  第  55 轮  训练 0.0149  验证 0.0201
  第  60 轮  训练 0.0145  验证 0.0197
  第  65 轮  训练 0.0141  验证 0.0192
  第  70 轮  训练 0.0137  验证 0.0192
  第  75 轮  训练 0.0135  验证 0.0191
  第  80 轮  训练 0.0132  验证 0.0194
  第  85 轮  训练 0.0128  验证 0.0192
  第  90 轮  训练 0.0123  验证 0.0199
  第  95 轮  训练 0.0119  验证 0.0198
  第 100 轮  训练 0.0117  验证 0.0202
  第 105 轮  训练 0.0113  验证 0.0199
  第 110 轮  训练 0.0110  验证 0.0202
  第 115 轮  训练 0.0105  验证 0.0205
  第 120 轮  训练 0.0103  验证 0.0208
  第 125 轮  训练 0.0099  验证 0.0206
  第 130 轮  训练 0.0101  验证 0.0204
  第 135 轮  训练 0.0095  验证 0.0211
  第 140 轮  训练 0.0093  验证 0.0212
  第 145 轮  训练 0.0092  验证 0.0209
  第 150 轮  训练 0.0089  验证 0.0217
  第 155 轮  训练 0.0087  验证 0.0216
  第 160 轮  训练 0.0087  验证 0.0224
  第 165 轮  训练 0.0084  验证 0.0229
  第 166 轮早停

站号          名称             面积     NSE    持续NSE |     KGE    持续KGE |     r     变率比     偏置比 |      峰误差
03455000    纽波特          4812   0.840    0.943 |   0.770    0.927 |  0.93    0.80    0.93 |    2.2%
03454500    温泉镇          4058   0.794    0.901 |   0.885    0.948 |  0.91    1.07    1.00 |   -0.5%
03453500    马歇尔          3450   0.846    0.902 |   0.917    0.936 |  0.92    0.98    0.99 |   -0.4%
03451500    阿什维尔         2448   0.864    0.900 |   0.931    0.932 |  0.93    1.02    1.00 |    0.2%
03447687    弗莱彻          1658   0.850    0.928 |   0.918    0.962 |  0.93    1.04    1.01 |    0.0%
03443000    布兰太尔          767   0.877    0.934 |   0.926    0.948 |  0.94    1.05    1.00 |   -0.2%
03453000    艾维河           409   0.170    0.560 |   0.470    0.786 |  0.80    1.49    1.02 |   -0.6%
03451000    斯旺纳诺阿         337   0.715    0.704 |   0.768    0.764 |  0.90    1.21    1.01 |   -0.7%
0344878100  霍米尼溪          269   0.672    0.779 |   0.662    0.790 |  0.83    0.71    0.96 |   -4.9%
03439000    罗斯曼           176   0.819    0.716 |   0.787    0.787 |  0.91    0.81    0.96 |   -2.4%
03446000    米尔斯河          173   0.814    0.488 |   0.783    0.448 |  0.91    0.81    0.97 |   -0.1%
0344632850  马德溪           127   0.683    0.831 |   0.757    0.890 |  0.83    0.84    0.95 |   -9.3%
03441000    戴维森河          105   0.211    0.748 |   0.394    0.772 |  0.86    1.59    1.02 |   -1.4%
0344894205  北叉斯旺纳诺阿        38   0.763    0.609 |   0.794    0.678 |  0.87    0.84    0.97 |   -0.4%
03450000    比特里溪           14   0.776    0.603 |   0.716    0.612 |  0.90    0.74    0.98 |   -0.7%

中位 NSE 0.794  持续性 0.779  胜出 5/15
中位 KGE 0.783  持续性 0.790  胜出 5/15
大洪水时段 NSE 0.832
结果已写入 runs/site_model
