断面 15 个  时间轴 2015-06-01 00:00:00 ~ 2024-12-31 00:00:00  共 84025 小时
累积降雨数组 (84025, 128, 128)  5.51 GB
变换 std：无非线性变换，直接输出逐站标准化流量
train 29949 个样本
val   13017 个样本
test  14049 个样本
设备 cuda  参数量 74.5 千  空间分支 开  预见期降雨 有
损失 huber
  第   1 轮  训练 0.0449  验证 0.0243
  第   5 轮  训练 0.0337  验证 0.0225
  第  10 轮  训练 0.0306  验证 0.0209
  第  15 轮  训练 0.0279  验证 0.0204
  第  20 轮  训练 0.0262  验证 0.0195
  第  25 轮  训练 0.0253  验证 0.0194
  第  30 轮  训练 0.0244  验证 0.0204
  第  35 轮  训练 0.0236  验证 0.0199
  第  40 轮  训练 0.0227  验证 0.0188
  第  45 轮  训练 0.0218  验证 0.0196
  第  50 轮  训练 0.0213  验证 0.0192
  第  55 轮  训练 0.0204  验证 0.0193
  第  60 轮  训练 0.0195  验证 0.0188
  第  65 轮  训练 0.0191  验证 0.0183
  第  70 轮  训练 0.0186  验证 0.0188
  第  75 轮  训练 0.0181  验证 0.0191
  第  80 轮  训练 0.0172  验证 0.0201
  第  85 轮  训练 0.0167  验证 0.0194
  第  90 轮  训练 0.0158  验证 0.0199
  第  95 轮  训练 0.0161  验证 0.0214
  第 100 轮  训练 0.0158  验证 0.0195
  第 105 轮  训练 0.0147  验证 0.0207
  第 110 轮  训练 0.0141  验证 0.0211
  第 115 轮  训练 0.0142  验证 0.0197
  第 120 轮  训练 0.0134  验证 0.0225
  第 125 轮  训练 0.0132  验证 0.0212
  第 130 轮  训练 0.0129  验证 0.0211
  第 135 轮  训练 0.0131  验证 0.0202
  第 140 轮  训练 0.0125  验证 0.0208
  第 145 轮  训练 0.0123  验证 0.0211
  第 150 轮  训练 0.0125  验证 0.0203
  第 155 轮  训练 0.0118  验证 0.0209
  第 160 轮  训练 0.0117  验证 0.0207
  第 161 轮早停

站号          名称             面积     NSE    持续NSE |     KGE    持续KGE |     r     变率比     偏置比 |      峰误差
03455000    纽波特          4812   0.802    0.943 |   0.625    0.927 |  0.94    0.66    0.84 |   -2.3%
03454500    温泉镇          4058   0.882    0.901 |   0.767    0.948 |  0.96    0.77    0.96 |   -0.9%
03453500    马歇尔          3450   0.876    0.902 |   0.744    0.936 |  0.96    0.75    0.96 |   -0.3%
03451500    阿什维尔         2448   0.893    0.900 |   0.758    0.932 |  0.97    0.77    0.95 |   -0.0%
03447687    弗莱彻          1658   0.880    0.928 |   0.750    0.962 |  0.96    0.76    0.95 |   -0.3%
03443000    布兰太尔          767   0.927    0.934 |   0.948    0.948 |  0.96    0.96    0.99 |    0.0%
03453000    艾维河           409   0.716    0.560 |   0.858    0.786 |  0.86    1.02    0.98 |   -0.7%
03451000    斯旺纳诺阿         337   0.867    0.704 |   0.904    0.764 |  0.93    0.93    1.00 |   -0.8%
0344878100  霍米尼溪          269   0.692    0.779 |   0.823    0.790 |  0.84    0.93    0.98 |   -0.3%
03439000    罗斯曼           176   0.762    0.716 |   0.719    0.787 |  0.88    0.75    0.97 |   -2.6%
03446000    米尔斯河          173   0.519    0.488 |   0.407    0.448 |  0.81    0.44    0.92 |   -0.4%
0344632850  马德溪           127   0.712    0.831 |   0.671    0.890 |  0.86    0.70    0.97 |   -8.2%
03441000    戴维森河          105   0.780    0.748 |   0.689    0.772 |  0.91    0.71    0.95 |   -1.7%
0344894205  北叉斯旺纳诺阿        38   0.826    0.609 |   0.843    0.678 |  0.91    0.87    1.00 |   -0.3%
03450000    比特里溪           14   0.851    0.603 |   0.865    0.612 |  0.92    0.89    1.02 |    0.7%

中位 NSE 0.826  持续性 0.779  胜出 7/15
中位 KGE 0.758  持续性 0.790  胜出 6/15
大洪水时段 NSE 0.863
结果已写入 runs/site_model_std
