断面 15 个  时间轴 2015-06-01 00:00:00 ~ 2024-12-31 00:00:00  共 84025 小时
累积降雨数组 (84025, 128, 128)  5.51 GB
变换 yeo-johnson  lambda 范围 -2.356~-0.041
train 29949 个样本
val   13017 个样本
test  14049 个样本
设备 cuda  参数量 74.5 千  空间分支 开  预见期降雨 有
损失 huber
  第   1 轮  训练 0.0227  验证 0.0252
  第   5 轮  训练 0.0175  验证 0.0213
  第  10 轮  训练 0.0163  验证 0.0201
  第  15 轮  训练 0.0154  验证 0.0192
  第  20 轮  训练 0.0147  验证 0.0188
  第  25 轮  训练 0.0143  验证 0.0190
  第  30 轮  训练 0.0137  验证 0.0180
  第  35 轮  训练 0.0132  验证 0.0183
  第  40 轮  训练 0.0128  验证 0.0182
  第  45 轮  训练 0.0125  验证 0.0181
  第  50 轮  训练 0.0121  验证 0.0180
  第  55 轮  训练 0.0118  验证 0.0182
  第  60 轮  训练 0.0113  验证 0.0180
  第  65 轮  训练 0.0110  验证 0.0186
  第  70 轮  训练 0.0107  验证 0.0186
  第  75 轮  训练 0.0105  验证 0.0186
  第  80 轮  训练 0.0102  验证 0.0188
  第  85 轮  训练 0.0101  验证 0.0190
  第  90 轮  训练 0.0096  验证 0.0193
  第  95 轮  训练 0.0094  验证 0.0194
  第 100 轮  训练 0.0093  验证 0.0194
  第 105 轮  训练 0.0089  验证 0.0200
  第 110 轮  训练 0.0087  验证 0.0196
  第 115 轮  训练 0.0085  验证 0.0198
  第 120 轮  训练 0.0083  验证 0.0198
  第 125 轮  训练 0.0084  验证 0.0200
  第 130 轮  训练 0.0079  验证 0.0202
  第 135 轮  训练 0.0080  验证 0.0206
  第 140 轮  训练 0.0076  验证 0.0203
  第 145 轮  训练 0.0074  验证 0.0202
  第 147 轮早停

站号          名称             面积     NSE    持续NSE |     KGE    持续KGE |     r     变率比     偏置比 |      峰误差
03455000    纽波特          4812   0.924    0.966 |   0.824    0.938 |  0.97    0.83    0.96 |   -2.0%
03454500    温泉镇          4058   0.968    0.956 |   0.981    0.978 |  0.98    0.99    1.00 |   -0.6%
03453500    马歇尔          3450   0.956    0.936 |   0.921    0.957 |  0.98    0.92    0.99 |   -0.5%
03451500    阿什维尔         2448   0.974    0.963 |   0.977    0.981 |  0.99    0.98    1.00 |   -0.3%
03447687    弗莱彻          1658   0.969    0.961 |   0.967    0.980 |  0.98    0.97    1.00 |   -0.4%
03443000    布兰太尔          767   0.954    0.953 |   0.962    0.969 |  0.98    0.97    1.00 |   -0.2%
03453000    艾维河           409   0.940    0.892 |   0.957    0.944 |  0.97    0.97    0.99 |   -0.5%
03451000    斯旺纳诺阿         337   0.951    0.901 |   0.970    0.948 |  0.98    0.98    1.00 |   -0.6%
0344878100  霍米尼溪          269   0.924    0.913 |   0.947    0.956 |  0.96    0.97    0.99 |   -2.2%
03439000    罗斯曼           176   0.921    0.921 |   0.933    0.960 |  0.96    0.95    0.99 |   -0.7%
03446000    米尔斯河          173   0.950    0.937 |   0.964    0.965 |  0.97    0.97    1.00 |   -0.1%
0344632850  马德溪           127   0.906    0.921 |   0.941    0.960 |  0.95    0.97    0.99 |   -1.8%
03441000    戴维森河          105   0.915    0.912 |   0.935    0.953 |  0.96    0.95    0.99 |   -0.2%
0344894205  北叉斯旺纳诺阿        38   0.966    0.924 |   0.976    0.961 |  0.98    0.98    1.00 |   -0.3%
03450000    比特里溪           14   0.965    0.929 |   0.978    0.963 |  0.98    0.99    0.99 |   -0.7%

中位 NSE 0.951  持续性 0.929  胜出 13/15
中位 KGE 0.962  持续性 0.960  胜出 5/15
大洪水时段 NSE 0.948
结果已写入 runs/site_model
