断面 15 个  时间轴 2015-06-01 00:00:00 ~ 2024-12-31 00:00:00  共 84025 小时
累积降雨数组 (84025, 128, 128)  5.51 GB
变换 gstd：全局标准化（所有断面 pooled 只估一个均值/标准差）
全局均值 36.30  全局标准差 63.21 m³/s
train 29949 个样本
val   13017 个样本
test  14049 个样本
设备 cuda  参数量 111.7 千  空间分支 开  预见期降雨 有  自注意力 4-res-排己  站点token 无  面积特征 关
损失 huber
  第   1 轮  训练 0.0124  验证 0.0068
  第   5 轮  训练 0.0090  验证 0.0055
  第  10 轮  训练 0.0076  验证 0.0050
  第  15 轮  训练 0.0070  验证 0.0049
  第  20 轮  训练 0.0064  验证 0.0046
  第  25 轮  训练 0.0061  验证 0.0047
  第  30 轮  训练 0.0059  验证 0.0046
  第  35 轮  训练 0.0056  验证 0.0045
  第  40 轮  训练 0.0057  验证 0.0049
  第  45 轮  训练 0.0054  验证 0.0045
  第  50 轮  训练 0.0050  验证 0.0048
  第  55 轮  训练 0.0047  验证 0.0045
  第  60 轮  训练 0.0045  验证 0.0046
  第  65 轮  训练 0.0046  验证 0.0046
  第  70 轮  训练 0.0042  验证 0.0046
  第  75 轮  训练 0.0039  验证 0.0047
  第  80 轮  训练 0.0039  验证 0.0046
  第  85 轮  训练 0.0038  验证 0.0044
  第  90 轮  训练 0.0039  验证 0.0045
  第  95 轮  训练 0.0035  验证 0.0044
  第 100 轮  训练 0.0033  验证 0.0044
  第 105 轮  训练 0.0034  验证 0.0045
  第 110 轮  训练 0.0033  验证 0.0046
  第 115 轮  训练 0.0033  验证 0.0048
  第 120 轮  训练 0.0030  验证 0.0044
  第 125 轮  训练 0.0030  验证 0.0043
  第 130 轮  训练 0.0030  验证 0.0043
  第 135 轮  训练 0.0027  验证 0.0041
  第 140 轮  训练 0.0028  验证 0.0041
  第 145 轮  训练 0.0026  验证 0.0042
  第 150 轮  训练 0.0025  验证 0.0042
  第 155 轮  训练 0.0024  验证 0.0043
  第 160 轮  训练 0.0023  验证 0.0042
  第 165 轮  训练 0.0025  验证 0.0041
  第 170 轮  训练 0.0022  验证 0.0042
  第 175 轮  训练 0.0023  验证 0.0043
  第 180 轮  训练 0.0022  验证 0.0041
  第 185 轮  训练 0.0021  验证 0.0042
  第 190 轮  训练 0.0020  验证 0.0041
  第 195 轮  训练 0.0020  验证 0.0043
  第 200 轮  训练 0.0023  验证 0.0045
  第 205 轮  训练 0.0020  验证 0.0042
  第 210 轮  训练 0.0019  验证 0.0043
  第 215 轮  训练 0.0018  验证 0.0043
  第 220 轮  训练 0.0019  验证 0.0042
  第 225 轮  训练 0.0018  验证 0.0043
  第 230 轮  训练 0.0019  验证 0.0042
  第 235 轮  训练 0.0017  验证 0.0044
  第 240 轮  训练 0.0018  验证 0.0043
  第 245 轮  训练 0.0017  验证 0.0043
  第 250 轮  训练 0.0017  验证 0.0043
  第 255 轮  训练 0.0017  验证 0.0044
  第 260 轮  训练 0.0016  验证 0.0044
  第 265 轮  训练 0.0016  验证 0.0045
  第 270 轮  训练 0.0016  验证 0.0043
  第 275 轮  训练 0.0016  验证 0.0043
  第 280 轮  训练 0.0015  验证 0.0044
  第 282 轮早停

站号          名称             面积     NSE    持续NSE |     KGE    持续KGE |     r     变率比     偏置比 |      峰误差
03455000    纽波特          4812   0.906    0.943 |   0.866    0.927 |  0.95    0.88    0.95 |    0.2%
03454500    温泉镇          4058   0.925    0.901 |   0.887    0.948 |  0.96    0.90    0.97 |   -1.0%
03453500    马歇尔          3450   0.932    0.902 |   0.844    0.936 |  0.97    0.85    0.96 |   -0.6%
03451500    阿什维尔         2448   0.946    0.900 |   0.927    0.932 |  0.97    0.94    0.98 |   -0.4%
03447687    弗莱彻          1658   0.954    0.928 |   0.877    0.962 |  0.98    0.88    0.98 |   -0.6%
03443000    布兰太尔          767   0.930    0.934 |   0.941    0.948 |  0.96    0.95    1.00 |   -0.4%
03453000    艾维河           409   0.623    0.560 |   0.707    0.786 |  0.88    1.27    0.99 |   -0.3%
03451000    斯旺纳诺阿         337   0.843    0.704 |   0.894    0.764 |  0.92    0.99    0.93 |   -0.2%
0344878100  霍米尼溪          269   0.725    0.779 |   0.858    0.790 |  0.87    1.06    1.03 |    0.4%
03439000    罗斯曼           176   0.719    0.716 |   0.766    0.787 |  0.85    0.82    0.97 |   -1.2%
03446000    米尔斯河          173   0.519    0.488 |   0.402    0.448 |  0.81    0.44    0.91 |    1.7%
0344632850  马德溪           127   0.729    0.831 |   0.766    0.890 |  0.85    0.83    0.93 |   -2.0%
03441000    戴维森河          105   0.783    0.748 |   0.749    0.772 |  0.89    0.78    0.93 |   -0.3%
0344894205  北叉斯旺纳诺阿        38   0.337    0.609 |   0.627    0.678 |  0.70    1.08    0.79 |   -0.3%
03450000    比特里溪           14  -1.604    0.603 |  -0.011    0.612 |  0.49    1.84    0.76 |    4.7%

中位 NSE 0.783  持续性 0.779  胜出 9/15
中位 KGE 0.844  持续性 0.790  胜出 2/15
大洪水时段 NSE 0.927
结果已写入 runs/site_model_gstd_rattn
