断面 15 个  时间轴 2015-06-01 00:00:00 ~ 2024-12-31 00:00:00  共 84025 小时
累积降雨数组 (84025, 128, 128)  5.51 GB
按日期划分  train 至 2023-01-01 00:00:00  |  val 至 2024-01-01 00:00:00  |  test 至 2024-12-31 00:00:00
变换 gstd：全局标准化（所有断面 pooled 只估一个均值/标准差）
全局均值 35.05  全局标准差 61.12 m³/s
train 33120 个样本
val   4843 个样本
test  4819 个样本
设备 cuda  参数量 25.2 千  结构 dlinear_cnn  空间分支 开  预见期降雨 有  自注意力 无  站点token 无  面积特征 关  掩膜池化 开  分位数×3  单步+滚动24h
损失 quantile（τ=0.1/0.5/0.9，pinball，逐站方差归一加权，仅训练）
  第   1 轮  训练 0.0441  验证 0.0041
  第   5 轮  训练 0.0040  验证 0.0029
  第  10 轮  训练 0.0036  验证 0.0026
  第  15 轮  训练 0.0035  验证 0.0024
  第  20 轮  训练 0.0035  验证 0.0027
  第  25 轮  训练 0.0039  验证 0.0029
  第  30 轮  训练 0.0035  验证 0.0022
  第  35 轮  训练 0.0035  验证 0.0027
  第  40 轮  训练 0.0036  验证 0.0028
  第  45 轮  训练 0.0039  验证 0.0032
  第  50 轮  训练 0.0036  验证 0.0020
  第 51 轮早停

训练段拟合（单步，教师强迫）
03455000    纽波特        NSE  0.998  MAE    1.541
03454500    温泉镇        NSE  0.994  MAE    2.008
03453500    马歇尔        NSE  0.998  MAE    0.922
03451500    阿什维尔       NSE  1.000  MAE    0.566
03447687    弗莱彻        NSE  1.000  MAE    0.446
03443000    布兰太尔       NSE  1.000  MAE    0.197
03453000    艾维河        NSE  0.988  MAE    0.220
03451000    斯旺纳诺阿      NSE  0.988  MAE    0.280
0344878100  霍米尼溪       NSE  0.969  MAE    0.135
03439000    罗斯曼        NSE  0.984  MAE    0.263
03446000    米尔斯河       NSE  0.995  MAE    0.125
0344632850  马德溪        NSE  0.994  MAE    0.115
03441000    戴维森河       NSE  0.954  MAE    0.188
0344894205  北叉斯旺纳诺阿    NSE  0.849  MAE    0.087
03450000    比特里溪       NSE -0.568  MAE    0.076
训练段中位 NSE 0.994

站号          名称             面积     NSE    持续NSE |     KGE    持续KGE |     r     变率比     偏置比 |      峰误差
03455000    纽波特          4812   0.927    0.865 |   0.824    0.691 |  0.98    1.15    1.09 |   -0.1%
03454500    温泉镇          4058   0.771    0.702 |   0.844    0.837 |  0.88    0.93    0.93 |   -1.9%
03453500    马歇尔          3450   0.506    0.603 |   0.701    0.771 |  0.82    1.24    0.97 |   -4.6%
03451500    阿什维尔         2448   0.776    0.713 |   0.882    0.822 |  0.89    1.03    0.96 |   -0.2%
03447687    弗莱彻          1658   0.850    0.804 |   0.914    0.881 |  0.92    0.98    0.96 |   -0.5%
03443000    布兰太尔          767   0.833    0.804 |   0.844    0.889 |  0.91    0.88    0.96 |  -10.0%
03453000    艾维河           409   0.301    0.127 |   0.500    0.500 |  0.58    0.75    1.09 |  -29.4%
03451000    斯旺纳诺阿         337   0.500    0.507 |   0.693    0.693 |  0.80    1.15    1.17 |   -2.6%
0344878100  霍米尼溪          269   0.543    0.787 |   0.534    0.892 |  0.90    1.39    1.23 |  -13.1%
03439000    罗斯曼           176   0.493    0.487 |   0.520    0.580 |  0.71    0.63    0.93 |  -31.0%
03446000    米尔斯河          173   0.327    0.297 |   0.303    0.314 |  0.59    0.44    0.93 |   -1.0%
0344632850  马德溪           127   0.320    0.357 |   0.617    0.647 |  0.78    1.31    0.95 |  -46.2%
03441000    戴维森河          105   0.539    0.619 |   0.481    0.641 |  0.76    0.58    0.81 |  -50.8%
0344894205  北叉斯旺纳诺阿        38   0.450    0.178 |   0.536    0.463 |  0.73    0.93    0.63 |  -21.0%
03450000    比特里溪           14   0.039    0.347 |   0.017    0.590 |  0.68    0.56    0.18 |  -10.0%

中位 NSE 0.506  持续性 0.603  胜出 9/15
中位 KGE 0.617  持续性 0.691  胜出 6/15
大洪水时段 NSE 0.767

预见期   +1h   +3h   +6h  +12h  +24h
中位NSE 0.990  0.906  0.814  0.612  0.427
结果已写入 runs/site_model_dlmcnn_mp
