断面 15 个  时间轴 2015-06-01 00:00:00 ~ 2024-12-31 00:00:00  共 84025 小时
累积降雨数组 (84025, 128, 128)  5.51 GB
train 29949 个样本
val   13017 个样本
test  14049 个样本
设备 cuda  参数量 74.5 千  空间分支 开  预见期降雨 有
损失 huber
  第   1 轮  训练 0.0210  验证 0.0196
  第   5 轮  训练 0.0164  验证 0.0177
  第  10 轮  训练 0.0148  验证 0.0163
  第  15 轮  训练 0.0139  验证 0.0155
  第  20 轮  训练 0.0133  验证 0.0151
  第  25 轮  训练 0.0130  验证 0.0150
  第  30 轮  训练 0.0125  验证 0.0150
  第  35 轮  训练 0.0124  验证 0.0148
  第  40 轮  训练 0.0123  验证 0.0148

站号          名称             面积     NSE    持续NSE |     KGE    持续KGE |     r     变率比     偏置比 |      峰误差
03455000    纽波特          4812   0.799    0.943 |   0.698    0.927 |  0.91    0.73    0.89 |    1.0%
03454500    温泉镇          4058   0.176    0.901 |   0.453    0.948 |  0.81    1.51    1.05 |   -0.7%
03453500    马歇尔          3450   0.107    0.902 |   0.429    0.936 |  0.80    1.53    1.05 |   -0.1%
03451500    阿什维尔         2448   0.708    0.900 |   0.808    0.932 |  0.88    1.15    1.02 |   -0.1%
03447687    弗莱彻          1658   0.853    0.928 |   0.927    0.962 |  0.93    1.00    1.00 |   -0.3%
03443000    布兰太尔          767   0.895    0.934 |   0.946    0.948 |  0.95    0.99    0.99 |   -0.3%
03453000    艾维河           409  -1.619    0.560 |  -0.165    0.786 |  0.68    2.12    1.05 |   -1.3%
03451000    斯旺纳诺阿         337  -1.019    0.704 |  -0.057    0.764 |  0.76    2.03    1.07 |   -1.0%
0344878100  霍米尼溪          269   0.709    0.779 |   0.797    0.790 |  0.84    0.88    0.95 |   -7.5%
03439000    罗斯曼           176   0.794    0.716 |   0.745    0.787 |  0.90    0.77    0.95 |   -1.8%
03446000    米尔斯河          173   0.891    0.488 |   0.942    0.448 |  0.95    1.02    1.00 |   -0.1%
0344632850  马德溪           127   0.676    0.831 |   0.639    0.890 |  0.84    0.69    0.92 |  -11.6%
03441000    戴维森河          105   0.292    0.748 |   0.499    0.772 |  0.84    1.47    1.00 |   -0.8%
0344894205  北叉斯旺纳诺阿        38   0.700    0.609 |   0.823    0.678 |  0.84    0.93    0.97 |   -0.8%
03450000    比特里溪           14   0.749    0.603 |   0.728    0.612 |  0.87    0.76    0.97 |   -1.2%

中位 NSE 0.708  持续性 0.779  胜出 4/15
中位 KGE 0.728  持续性 0.790  胜出 4/15
大洪水时段 NSE 0.471
结果已写入 runs/site_model
