断面 15 个  时间轴 2015-06-01 00:00:00 ~ 2024-12-31 00:00:00  共 84025 小时
累积降雨数组 (84025, 128, 128)  5.51 GB
变换 gstd：全局标准化（所有断面 pooled 只估一个均值/标准差）
全局均值 36.30  全局标准差 63.21 m³/s
train 29949 个样本
val   13017 个样本
test  14049 个样本
设备 cuda  参数量 77.7 千  空间分支 开  预见期降雨 有  自注意力头数 无  站点token 8维
损失 huber
  第   1 轮  训练 0.0121  验证 0.0068
  第   5 轮  训练 0.0088  验证 0.0059
  第  10 轮  训练 0.0079  验证 0.0051
  第  15 轮  训练 0.0071  验证 0.0049
  第  20 轮  训练 0.0067  验证 0.0047
  第  25 轮  训练 0.0063  验证 0.0047
  第  30 轮  训练 0.0059  验证 0.0049
  第  35 轮  训练 0.0059  验证 0.0046
  第  40 轮  训练 0.0057  验证 0.0044
  第  45 轮  训练 0.0052  验证 0.0043
  第  50 轮  训练 0.0049  验证 0.0044
  第  55 轮  训练 0.0047  验证 0.0051
  第  60 轮  训练 0.0046  验证 0.0045
  第  65 轮  训练 0.0045  验证 0.0047
  第  70 轮  训练 0.0040  验证 0.0043
  第  75 轮  训练 0.0043  验证 0.0050
  第  80 轮  训练 0.0040  验证 0.0046
  第  85 轮  训练 0.0038  验证 0.0048
  第  90 轮  训练 0.0038  验证 0.0043
  第  95 轮  训练 0.0036  验证 0.0044
  第 100 轮  训练 0.0035  验证 0.0048
  第 105 轮  训练 0.0033  验证 0.0044
  第 110 轮  训练 0.0045  验证 0.0044
  第 115 轮  训练 0.0034  验证 0.0046
  第 120 轮  训练 0.0033  验证 0.0042
  第 125 轮  训练 0.0033  验证 0.0044
  第 130 轮  训练 0.0033  验证 0.0044
  第 135 轮  训练 0.0030  验证 0.0043
  第 140 轮  训练 0.0029  验证 0.0042
  第 145 轮  训练 0.0028  验证 0.0046
  第 150 轮  训练 0.0028  验证 0.0045
  第 155 轮  训练 0.0027  验证 0.0051
  第 160 轮  训练 0.0026  验证 0.0044
  第 165 轮  训练 0.0026  验证 0.0044
  第 170 轮  训练 0.0026  验证 0.0045
  第 175 轮  训练 0.0025  验证 0.0045
  第 180 轮  训练 0.0024  验证 0.0048
  第 185 轮  训练 0.0024  验证 0.0051
  第 190 轮  训练 0.0023  验证 0.0047
  第 195 轮  训练 0.0022  验证 0.0047
  第 200 轮  训练 0.0022  验证 0.0046
  第 205 轮  训练 0.0022  验证 0.0048
  第 210 轮  训练 0.0021  验证 0.0047
  第 215 轮  训练 0.0021  验证 0.0049
  第 220 轮  训练 0.0021  验证 0.0048
  第 225 轮  训练 0.0021  验证 0.0052
  第 230 轮  训练 0.0021  验证 0.0050
  第 235 轮  训练 0.0019  验证 0.0047
  第 240 轮  训练 0.0019  验证 0.0048
  第 240 轮早停
Traceback (most recent call last):
  File "D:\chengs\CAMS\scripts\train.py", line 538, in <module>
    main()
  File "D:\chengs\CAMS\scripts\train.py", line 474, in main
    site_l.append(idx.numpy())
                  ^^^^^^^^^^^
TypeError: can't convert cuda:0 device type tensor to numpy. Use Tensor.cpu() to copy the tensor to host memory first.
