断面 15 个  时间轴 2015-06-01 00:00:00 ~ 2024-12-31 00:00:00  共 84025 小时
累积降雨数组 (84025, 128, 128)  5.51 GB
变换 gstd：全局标准化（所有断面 pooled 只估一个均值/标准差）
全局均值 36.30  全局标准差 63.21 m³/s
train 29949 个样本
val   13017 个样本
test  14049 个样本
设备 cuda  参数量 74.5 千  空间分支 开  预见期降雨 有
损失 huber
  第   1 轮  训练 0.0124  验证 0.0067
  第   5 轮  训练 0.0089  验证 0.0055
  第  10 轮  训练 0.0078  验证 0.0052
  第  15 轮  训练 0.0073  验证 0.0048
  第  20 轮  训练 0.0068  验证 0.0049
  第  25 轮  训练 0.0066  验证 0.0046
  第  30 轮  训练 0.0061  验证 0.0051
  第  35 轮  训练 0.0060  验证 0.0053
  第  40 轮  训练 0.0056  验证 0.0043
  第  45 轮  训练 0.0053  验证 0.0046
  第  50 轮  训练 0.0051  验证 0.0044
  第  55 轮  训练 0.0048  验证 0.0043
  第  60 轮  训练 0.0047  验证 0.0044
  第  65 轮  训练 0.0048  验证 0.0044
  第  70 轮  训练 0.0043  验证 0.0045
  第  75 轮  训练 0.0044  验证 0.0043
  第  80 轮  训练 0.0041  验证 0.0051
  第  85 轮  训练 0.0039  验证 0.0043
  第  90 轮  训练 0.0038  验证 0.0042
  第  95 轮  训练 0.0037  验证 0.0043
  第 100 轮  训练 0.0035  验证 0.0042
  第 105 轮  训练 0.0034  验证 0.0044
  第 110 轮  训练 0.0034  验证 0.0043
  第 115 轮  训练 0.0033  验证 0.0044
  第 120 轮  训练 0.0031  验证 0.0044
  第 125 轮  训练 0.0031  验证 0.0047
  第 130 轮  训练 0.0030  验证 0.0045
  第 135 轮  训练 0.0029  验证 0.0044
  第 140 轮  训练 0.0028  验证 0.0044
  第 145 轮  训练 0.0029  验证 0.0045
  第 150 轮  训练 0.0028  验证 0.0045
  第 155 轮  训练 0.0027  验证 0.0045
  第 160 轮  训练 0.0028  验证 0.0044
  第 165 轮  训练 0.0026  验证 0.0044
  第 170 轮  训练 0.0026  验证 0.0047
  第 175 轮  训练 0.0025  验证 0.0046
  第 180 轮  训练 0.0025  验证 0.0047
  第 185 轮  训练 0.0024  验证 0.0046
  第 190 轮  训练 0.0023  验证 0.0046
  第 195 轮  训练 0.0023  验证 0.0047
  第 200 轮  训练 0.0022  验证 0.0046
  第 205 轮  训练 0.0021  验证 0.0047
  第 210 轮  训练 0.0021  验证 0.0045
  第 215 轮  训练 0.0021  验证 0.0046
  第 220 轮  训练 0.0021  验证 0.0046
  第 221 轮早停

站号          名称             面积     NSE    持续NSE |     KGE    持续KGE |     r     变率比     偏置比 |      峰误差
03455000    纽波特          4812   0.898    0.943 |   0.849    0.927 |  0.95    0.87    0.94 |    0.1%
03454500    温泉镇          4058   0.932    0.901 |   0.879    0.948 |  0.97    0.89    0.97 |   -0.9%
03453500    马歇尔          3450   0.930    0.902 |   0.818    0.936 |  0.98    0.82    0.97 |   -0.2%
03451500    阿什维尔         2448   0.939    0.900 |   0.903    0.932 |  0.97    0.91    0.98 |    0.1%
03447687    弗莱彻          1658   0.938    0.928 |   0.860    0.962 |  0.97    0.86    0.98 |    0.1%
03443000    布兰太尔          767   0.940    0.934 |   0.964    0.948 |  0.97    0.98    1.01 |    0.0%
03453000    艾维河           409   0.817    0.560 |   0.880    0.786 |  0.90    0.93    0.99 |    0.3%
03451000    斯旺纳诺阿         337   0.834    0.704 |   0.780    0.764 |  0.92    0.80    0.94 |    0.1%
0344878100  霍米尼溪          269   0.583    0.779 |   0.794    0.790 |  0.80    1.03    1.03 |    7.1%
03439000    罗斯曼           176   0.728    0.716 |   0.749    0.787 |  0.86    0.80    1.04 |    0.4%
03446000    米尔斯河          173   0.575    0.488 |   0.461    0.448 |  0.83    0.49    0.95 |    0.7%
0344632850  马德溪           127   0.634    0.831 |   0.721    0.890 |  0.80    0.81    0.98 |    2.0%
03441000    戴维森河          105   0.736    0.748 |   0.730    0.772 |  0.86    0.79    1.10 |    3.7%
0344894205  北叉斯旺纳诺阿        38   0.433    0.609 |   0.536    0.678 |  0.69    0.84    1.31 |   18.2%
03450000    比特里溪           14  -3.237    0.603 |  -0.646    0.612 |  0.39    2.16    1.99 |   68.1%

中位 NSE 0.817  持续性 0.779  胜出 9/15
中位 KGE 0.794  持续性 0.790  胜出 5/15
大洪水时段 NSE 0.925
结果已写入 runs/site_model_gstd
