断面 15 个  时间轴 2015-06-01 00:00:00 ~ 2024-12-31 00:00:00  共 84025 小时
累积降雨数组 (84025, 128, 128)  5.51 GB
按日期划分  train 至 2023-01-01 00:00:00  |  val 至 2024-01-01 00:00:00  |  test 至 2024-12-31 00:00:00
变换 gstd：全局标准化（所有断面 pooled 只估一个均值/标准差）
全局均值 35.05  全局标准差 61.12 m³/s
train 33120 个样本
val   4843 个样本
test  4819 个样本
设备 cuda  参数量 81.4 千  结构 net  空间分支 开  预见期降雨 有  自注意力 无  站点token 无  面积特征 关  掩膜池化 开  分位数×3  单步+滚动24h
损失 quantile（τ=0.1/0.5/0.9，pinball，逐站方差归一加权，仅训练）
  第   1 轮  训练 0.0081  验证 0.0023
  第   5 轮  训练 0.0038  验证 0.0032
  第  10 轮  训练 0.0035  验证 0.0023
  第  15 轮  训练 0.0031  验证 0.0021
  第  20 轮  训练 0.0031  验证 0.0019
  第  25 轮  训练 0.0030  验证 0.0020
  第  30 轮  训练 0.0028  验证 0.0020
  第  35 轮  训练 0.0028  验证 0.0018
  第  40 轮  训练 0.0026  验证 0.0016
  第  45 轮  训练 0.0026  验证 0.0017
  第  50 轮  训练 0.0025  验证 0.0016
  第  55 轮  训练 0.0024  验证 0.0017
  第  60 轮  训练 0.0025  验证 0.0015
  第  65 轮  训练 0.0024  验证 0.0019
  第  70 轮  训练 0.0023  验证 0.0015
  第  75 轮  训练 0.0022  验证 0.0016
  第  80 轮  训练 0.0022  验证 0.0015
  第  85 轮  训练 0.0022  验证 0.0015
  第  90 轮  训练 0.0021  验证 0.0015
  第  95 轮  训练 0.0020  验证 0.0015
  第 100 轮  训练 0.0020  验证 0.0015
  第 105 轮  训练 0.0020  验证 0.0015
  第 110 轮  训练 0.0019  验证 0.0015
  第 115 轮  训练 0.0019  验证 0.0016
  第 120 轮  训练 0.0018  验证 0.0015
  第 121 轮早停

训练段拟合（单步，教师强迫）
03455000    纽波特        NSE  0.999  MAE    1.146
03454500    温泉镇        NSE  0.997  MAE    1.595
03453500    马歇尔        NSE  0.999  MAE    0.735
03451500    阿什维尔       NSE  1.000  MAE    0.465
03447687    弗莱彻        NSE  1.000  MAE    0.378
03443000    布兰太尔       NSE  1.000  MAE    0.174
03453000    艾维河        NSE  0.997  MAE    0.157
03451000    斯旺纳诺阿      NSE  0.993  MAE    0.206
0344878100  霍米尼溪       NSE  0.982  MAE    0.105
03439000    罗斯曼        NSE  0.995  MAE    0.186
03446000    米尔斯河       NSE  0.997  MAE    0.116
0344632850  马德溪        NSE  0.995  MAE    0.103
03441000    戴维森河       NSE  0.989  MAE    0.137
0344894205  北叉斯旺纳诺阿    NSE  0.985  MAE    0.046
03450000    比特里溪       NSE  0.996  MAE    0.025
训练段中位 NSE 0.997

站号          名称             面积     NSE    持续NSE |     KGE    持续KGE |     r     变率比     偏置比 |      峰误差
03455000    纽波特          4812  -4.421    0.865 |  -1.194    0.691 |  0.78    2.95    1.98 |  299.2%
03454500    温泉镇          4058  -3.053    0.702 |  -0.672    0.837 |  0.74    2.64    1.20 |   -0.7%
03453500    马歇尔          3450  -2.037    0.603 |  -0.383    0.771 |  0.75    2.36    1.09 |   -4.6%
03451500    阿什维尔         2448  -1.465    0.713 |  -0.228    0.822 |  0.77    2.20    1.10 |   -0.4%
03447687    弗莱彻          1658  -0.433    0.804 |   0.161    0.881 |  0.79    1.81    1.04 |   -0.7%
03443000    布兰太尔          767   0.853    0.804 |   0.882    0.889 |  0.93    0.92    0.95 |   -0.7%
03453000    艾维河           409   0.472    0.127 |   0.622    0.500 |  0.70    0.79    0.92 |   -0.9%
03451000    斯旺纳诺阿         337  -3.969    0.507 |  -0.861    0.693 |  0.72    2.84    1.12 |   -2.4%
0344878100  霍米尼溪          269   0.681    0.787 |   0.667    0.892 |  0.84    0.76    0.83 |  -53.2%
03439000    罗斯曼           176  -5.061    0.487 |  -0.783    0.580 |  0.39    2.67    1.08 |   -2.1%
03446000    米尔斯河          173   0.311    0.297 |   0.218    0.314 |  0.64    0.34    0.81 |   -8.3%
0344632850  马德溪           127  -0.140    0.357 |   0.354    0.647 |  0.74    1.56    0.81 |  -51.0%
03441000    戴维森河          105   0.484    0.619 |   0.364    0.641 |  0.78    0.44    0.80 |  -45.3%
0344894205  北叉斯旺纳诺阿        38  -0.662    0.178 |   0.001    0.463 |  0.82    1.98    1.06 |   -1.1%
03450000    比特里溪           14   0.116    0.347 |   0.216    0.590 |  0.55    0.65    0.46 |  -11.7%

中位 NSE -0.433  持续性 0.603  胜出 3/15
中位 KGE 0.161  持续性 0.691  胜出 1/15
大洪水时段 NSE -2.502

预见期   +1h   +3h   +6h  +12h  +24h
中位NSE 0.991  0.914  0.661  -0.769  -1.080
结果已写入 runs/site_model_step8_mp
