断面 15 个  时间轴 2015-06-01 00:00:00 ~ 2024-12-31 00:00:00  共 84025 小时
累积降雨数组 (84025, 128, 128)  5.51 GB
train 29949 个样本
val   13017 个样本
test  14049 个样本
设备 cuda  参数量 74.5 千  空间分支 开  预见期降雨 有
  第   1 轮  训练 0.0716  验证 0.0623
  第   5 轮  训练 0.0500  验证 0.0571
  第  10 轮  训练 0.0444  验证 0.0521
  第  15 轮  训练 0.0406  验证 0.0488
  第  20 轮  训练 0.0384  验证 0.0467
  第  25 轮  训练 0.0370  验证 0.0458
  第  30 轮  训练 0.0354  验证 0.0465
  第  35 轮  训练 0.0348  验证 0.0456
  第  40 轮  训练 0.0347  验证 0.0458

站号          名称             面积     NSE    持续NSE |     KGE    持续KGE |     r     变率比     偏置比 |      峰误差
03455000    纽波特          4812   0.758    0.943 |   0.698    0.927 |  0.88    0.74    0.90 |    1.3%
03454500    温泉镇          4058   0.304    0.901 |   0.576    0.948 |  0.80    1.37    1.03 |    0.2%
03453500    马歇尔          3450   0.284    0.902 |   0.553    0.936 |  0.80    1.40    1.03 |    0.3%
03451500    阿什维尔         2448   0.603    0.900 |   0.759    0.932 |  0.85    1.19    1.02 |    0.5%
03447687    弗莱彻          1658   0.810    0.928 |   0.903    0.962 |  0.91    1.03    1.00 |    0.0%
03443000    布兰太尔          767   0.933    0.934 |   0.950    0.948 |  0.97    0.96    1.00 |   -0.2%
03453000    艾维河           409   0.485    0.560 |   0.646    0.786 |  0.84    1.32    1.01 |   -0.7%
03451000    斯旺纳诺阿         337   0.758    0.704 |   0.872    0.764 |  0.89    1.06    1.00 |   -1.2%
0344878100  霍米尼溪          269   0.686    0.779 |   0.717    0.790 |  0.83    0.78    0.97 |   -5.5%
03439000    罗斯曼           176   0.806    0.716 |   0.789    0.787 |  0.90    0.82    0.97 |   -1.6%
03446000    米尔斯河          173   0.850    0.488 |   0.888    0.448 |  0.92    0.92    0.99 |   -0.0%
0344632850  马德溪           127   0.689    0.831 |   0.660    0.890 |  0.84    0.71    0.94 |  -11.0%
03441000    戴维森河          105   0.140    0.748 |   0.389    0.772 |  0.84    1.59    1.02 |   -0.8%
0344894205  北叉斯旺纳诺阿        38   0.731    0.609 |   0.776    0.678 |  0.86    0.83    0.97 |   -0.7%
03450000    比特里溪           14   0.690    0.603 |   0.662    0.612 |  0.84    0.70    0.98 |   -0.5%

中位 NSE 0.690  持续性 0.779  胜出 5/15
中位 KGE 0.717  持续性 0.790  胜出 6/15
大洪水时段 NSE 0.510
结果已写入 runs/site_model
