断面 15 个  时间轴 2015-06-01 00:00:00 ~ 2024-12-31 00:00:00  共 84025 小时
累积降雨数组 (84025, 128, 128)  5.51 GB
变换 gstd：全局标准化（所有断面 pooled 只估一个均值/标准差）
全局均值 36.30  全局标准差 63.21 m³/s
train 29949 个样本
val   13017 个样本
test  14049 个样本
逐站损失权重 纽波特:0.22 温泉镇:0.24 马歇尔:0.39 阿什维尔:0.49 弗莱彻:0.83 布兰太尔:2.65 艾维河:20.71 斯旺纳诺阿:22.60 霍米尼溪:94.64 罗斯曼:23.95 米尔斯河:57.90 马德溪:69.22 戴维森河:64.22 北叉斯旺纳诺阿:296.79 比特里溪:1000.00
设备 cuda  参数量 74.5 千  空间分支 开  预见期降雨 有  自注意力 无  站点token 无  面积特征 关
损失 huber_nse（delta=1.0，逐站方差归一加权，仅训练）
  第   1 轮  训练 0.0013  验证 0.0074
  第   5 轮  训练 0.0006  验证 0.0073
  第  10 轮  训练 0.0005  验证 0.0076
  第  15 轮  训练 0.0004  验证 0.0074
  第  20 轮  训练 0.0003  验证 0.0071
  第  25 轮  训练 0.0004  验证 0.0063
  第  30 轮  训练 0.0003  验证 0.0062
  第  35 轮  训练 0.0003  验证 0.0060
  第  40 轮  训练 0.0003  验证 0.0056
  第  45 轮  训练 0.0002  验证 0.0055
  第  50 轮  训练 0.0002  验证 0.0055
  第  55 轮  训练 0.0002  验证 0.0055
  第  60 轮  训练 0.0002  验证 0.0053
  第  65 轮  训练 0.0002  验证 0.0053
  第  70 轮  训练 0.0002  验证 0.0055
  第  75 轮  训练 0.0002  验证 0.0054
  第  80 轮  训练 0.0002  验证 0.0052
  第  85 轮  训练 0.0002  验证 0.0053
  第  90 轮  训练 0.0002  验证 0.0052
  第  95 轮  训练 0.0002  验证 0.0054
  第 100 轮  训练 0.0001  验证 0.0061
  第 105 轮  训练 0.0001  验证 0.0055
  第 110 轮  训练 0.0003  验证 0.0053
  第 115 轮  训练 0.0003  验证 0.0058
  第 120 轮  训练 0.0002  验证 0.0054
  第 125 轮  训练 0.0002  验证 0.0055
  第 130 轮  训练 0.0001  验证 0.0054
  第 135 轮  训练 0.0001  验证 0.0054
  第 140 轮  训练 0.0001  验证 0.0052
  第 145 轮  训练 0.0001  验证 0.0053
  第 150 轮  训练 0.0001  验证 0.0052
  第 155 轮  训练 0.0001  验证 0.0055
  第 160 轮  训练 0.0001  验证 0.0052
  第 165 轮  训练 0.0001  验证 0.0059
  第 170 轮  训练 0.0001  验证 0.0052
  第 175 轮  训练 0.0001  验证 0.0052
  第 180 轮  训练 0.0001  验证 0.0054
  第 185 轮  训练 0.0001  验证 0.0057
  第 190 轮  训练 0.0001  验证 0.0052
  第 195 轮  训练 0.0001  验证 0.0054
  第 200 轮  训练 0.0001  验证 0.0054
  第 205 轮  训练 0.0001  验证 0.0053
  第 210 轮  训练 0.0001  验证 0.0053
  第 215 轮  训练 0.0001  验证 0.0054
  第 220 轮  训练 0.0001  验证 0.0054
  第 225 轮  训练 0.0001  验证 0.0051
  第 230 轮  训练 0.0001  验证 0.0051
  第 235 轮  训练 0.0001  验证 0.0051
  第 240 轮  训练 0.0001  验证 0.0052
  第 245 轮  训练 0.0001  验证 0.0052
  第 250 轮  训练 0.0001  验证 0.0053
  第 255 轮  训练 0.0001  验证 0.0053
  第 260 轮  训练 0.0001  验证 0.0050
  第 265 轮  训练 0.0001  验证 0.0050
  第 270 轮  训练 0.0001  验证 0.0051
  第 275 轮  训练 0.0001  验证 0.0051
  第 280 轮  训练 0.0001  验证 0.0052
  第 285 轮  训练 0.0001  验证 0.0050
  第 290 轮  训练 0.0001  验证 0.0052
  第 295 轮  训练 0.0001  验证 0.0051
  第 300 轮  训练 0.0001  验证 0.0050
  第 305 轮  训练 0.0001  验证 0.0051
  第 310 轮  训练 0.0001  验证 0.0050
  第 315 轮  训练 0.0001  验证 0.0050
  第 320 轮  训练 0.0001  验证 0.0052
  第 325 轮  训练 0.0001  验证 0.0050
  第 330 轮  训练 0.0001  验证 0.0050
  第 335 轮  训练 0.0001  验证 0.0050
  第 340 轮  训练 0.0001  验证 0.0050
  第 345 轮  训练 0.0001  验证 0.0050
  第 350 轮  训练 0.0001  验证 0.0051
  第 355 轮  训练 0.0001  验证 0.0050
  第 360 轮  训练 0.0001  验证 0.0050
  第 365 轮  训练 0.0001  验证 0.0050
  第 370 轮  训练 0.0001  验证 0.0050
  第 375 轮  训练 0.0001  验证 0.0051
  第 380 轮  训练 0.0001  验证 0.0049
  第 385 轮  训练 0.0001  验证 0.0050
  第 390 轮  训练 0.0001  验证 0.0050
  第 395 轮  训练 0.0001  验证 0.0050
  第 400 轮  训练 0.0001  验证 0.0049
  第 405 轮  训练 0.0001  验证 0.0050
  第 410 轮  训练 0.0001  验证 0.0050
  第 415 轮  训练 0.0001  验证 0.0050
  第 420 轮  训练 0.0001  验证 0.0050
  第 425 轮  训练 0.0001  验证 0.0049
  第 430 轮  训练 0.0001  验证 0.0050
  第 435 轮  训练 0.0001  验证 0.0050
  第 440 轮  训练 0.0001  验证 0.0050
  第 445 轮  训练 0.0001  验证 0.0050
  第 450 轮  训练 0.0001  验证 0.0050
  第 455 轮  训练 0.0001  验证 0.0050
  第 460 轮  训练 0.0001  验证 0.0050
  第 465 轮  训练 0.0001  验证 0.0050
  第 470 轮  训练 0.0001  验证 0.0050
  第 475 轮  训练 0.0001  验证 0.0050
  第 480 轮  训练 0.0001  验证 0.0050
  第 485 轮  训练 0.0001  验证 0.0050
  第 489 轮早停

站号          名称             面积     NSE    持续NSE |     KGE    持续KGE |     r     变率比     偏置比 |      峰误差
03455000    纽波特          4812   0.895    0.943 |   0.861    0.927 |  0.95    0.89    0.93 |   -1.6%
03454500    温泉镇          4058   0.906    0.901 |   0.877    0.948 |  0.95    0.89    0.97 |   -0.9%
03453500    马歇尔          3450   0.907    0.902 |   0.825    0.936 |  0.96    0.83    0.97 |   -0.3%
03451500    阿什维尔         2448   0.922    0.900 |   0.906    0.932 |  0.96    0.92    0.98 |    0.2%
03447687    弗莱彻          1658   0.950    0.928 |   0.864    0.962 |  0.98    0.87    0.98 |    0.1%
03443000    布兰太尔          767   0.935    0.934 |   0.938    0.948 |  0.97    0.95    1.01 |    0.4%
03453000    艾维河           409   0.665    0.560 |   0.786    0.786 |  0.87    1.17    1.03 |   -1.1%
03451000    斯旺纳诺阿         337   0.836    0.704 |   0.897    0.764 |  0.93    1.07    1.00 |   -1.2%
0344878100  霍米尼溪          269   0.649    0.779 |   0.826    0.790 |  0.83    1.04    1.02 |    0.2%
03439000    罗斯曼           176   0.709    0.716 |   0.771    0.787 |  0.84    0.83    1.01 |   -0.8%
03446000    米尔斯河          173   0.537    0.488 |   0.450    0.448 |  0.79    0.50    0.94 |   -0.1%
0344632850  马德溪           127   0.749    0.831 |   0.848    0.890 |  0.87    0.93    1.03 |   -2.5%
03441000    戴维森河          105   0.833    0.748 |   0.869    0.772 |  0.91    0.90    0.98 |   -0.5%
0344894205  北叉斯旺纳诺阿        38   0.712    0.609 |   0.758    0.678 |  0.84    0.82    0.98 |    0.7%
03450000    比特里溪           14  -0.061    0.603 |   0.526    0.612 |  0.60    1.25    0.95 |   -0.3%

中位 NSE 0.833  持续性 0.779  胜出 10/15
中位 KGE 0.848  持续性 0.790  胜出 5/15
大洪水时段 NSE 0.910
结果已写入 runs/site_model_gstd_nse
