断面 15 个  时间轴 2015-06-01 00:00:00 ~ 2024-12-31 00:00:00  共 84025 小时
累积降雨数组 (84025, 128, 128)  5.51 GB
变换 gstd：全局标准化（所有断面 pooled 只估一个均值/标准差）
全局均值 36.30  全局标准差 63.22 m³/s
train 29395 个样本
val   6401 个样本
test  6968 个样本
逐站损失权重 纽波特:0.22 温泉镇:0.24 马歇尔:0.39 阿什维尔:0.49 弗莱彻:0.83 布兰太尔:2.65 艾维河:20.71 斯旺纳诺阿:22.60 霍米尼溪:94.62 罗斯曼:23.95 米尔斯河:57.91 马德溪:69.20 戴维森河:64.22 北叉斯旺纳诺阿:296.78 比特里溪:1000.00
设备 cuda  参数量 73.4 千  空间分支 开  预见期降雨 有  自注意力 无  站点token 无  面积特征 关  单步+滚动24h
损失 huber_nse（delta=1.0，逐站方差归一加权，仅训练）
  第   1 轮  训练 0.0003  验证 0.0004
  第   5 轮  训练 0.0001  验证 0.0004
  第  10 轮  训练 0.0001  验证 0.0004
  第  15 轮  训练 0.0001  验证 0.0004
  第  20 轮  训练 0.0000  验证 0.0004
  第  25 轮  训练 0.0000  验证 0.0004
  第  30 轮  训练 0.0001  验证 0.0004
  第  35 轮  训练 0.0000  验证 0.0004
  第  40 轮  训练 0.0000  验证 0.0004
  第  45 轮  训练 0.0000  验证 0.0004
  第  50 轮  训练 0.0000  验证 0.0004
  第  55 轮  训练 0.0001  验证 0.0004
  第  60 轮  训练 0.0000  验证 0.0004
  第  65 轮  训练 0.0000  验证 0.0003
  第  70 轮  训练 0.0000  验证 0.0003
  第  75 轮  训练 0.0000  验证 0.0003
  第  80 轮  训练 0.0000  验证 0.0003
  第  85 轮  训练 0.0000  验证 0.0003
  第  90 轮  训练 0.0000  验证 0.0003
  第  95 轮  训练 0.0001  验证 0.0003
  第 100 轮  训练 0.0000  验证 0.0003
  第 105 轮  训练 0.0000  验证 0.0003
  第 110 轮  训练 0.0000  验证 0.0003
  第 115 轮  训练 0.0000  验证 0.0003
  第 120 轮  训练 0.0000  验证 0.0003
  第 125 轮  训练 0.0000  验证 0.0002
  第 130 轮  训练 0.0000  验证 0.0003
  第 135 轮  训练 0.0000  验证 0.0002
  第 140 轮  训练 0.0000  验证 0.0003
  第 145 轮  训练 0.0000  验证 0.0002
  第 150 轮  训练 0.0000  验证 0.0002
  第 155 轮  训练 0.0000  验证 0.0002
  第 160 轮  训练 0.0000  验证 0.0002
  第 165 轮  训练 0.0000  验证 0.0003
  第 170 轮  训练 0.0000  验证 0.0002
  第 175 轮  训练 0.0000  验证 0.0002
  第 180 轮  训练 0.0000  验证 0.0002
  第 185 轮  训练 0.0000  验证 0.0003
  第 190 轮  训练 0.0000  验证 0.0003
  第 195 轮  训练 0.0000  验证 0.0002
  第 200 轮  训练 0.0000  验证 0.0002
  第 205 轮  训练 0.0000  验证 0.0003
  第 210 轮  训练 0.0000  验证 0.0002
  第 215 轮  训练 0.0001  验证 0.0002
  第 220 轮  训练 0.0000  验证 0.0002
  第 225 轮  训练 0.0000  验证 0.0002
  第 230 轮  训练 0.0000  验证 0.0002
  第 235 轮  训练 0.0000  验证 0.0002
  第 240 轮  训练 0.0000  验证 0.0002
  第 245 轮  训练 0.0000  验证 0.0002
  第 250 轮  训练 0.0000  验证 0.0002
  第 255 轮  训练 0.0000  验证 0.0002
  第 260 轮  训练 0.0000  验证 0.0002
  第 265 轮  训练 0.0000  验证 0.0002
  第 270 轮  训练 0.0000  验证 0.0002
  第 275 轮  训练 0.0000  验证 0.0002
  第 280 轮  训练 0.0000  验证 0.0002
  第 285 轮  训练 0.0000  验证 0.0002
  第 290 轮  训练 0.0000  验证 0.0002
  第 295 轮  训练 0.0000  验证 0.0003
  第 300 轮  训练 0.0000  验证 0.0003
  第 305 轮  训练 0.0000  验证 0.0002
  第 310 轮  训练 0.0000  验证 0.0002
  第 315 轮  训练 0.0000  验证 0.0003
  第 320 轮  训练 0.0000  验证 0.0003
  第 323 轮早停

站号          名称             面积     NSE    持续NSE |     KGE    持续KGE |     r     变率比     偏置比 |      峰误差
03455000    纽波特          4812   0.804    0.684 |   0.822    0.480 |  0.93    1.15    0.94 |   -2.5%
03454500    温泉镇          4058   0.723    0.725 |   0.674    0.801 |  0.86    0.71    0.94 |   -0.7%
03453500    马歇尔          3450   0.779    0.754 |   0.689    0.776 |  0.91    0.70    0.99 |   -0.1%
03451500    阿什维尔         2448   0.771    0.733 |   0.681    0.812 |  0.90    0.71    0.93 |   -0.3%
03447687    弗莱彻          1658   0.814    0.739 |   0.747    0.836 |  0.91    0.76    0.97 |   -0.2%
03443000    布兰太尔          767   0.845    0.788 |   0.910    0.869 |  0.92    0.98    0.96 |   -5.1%
03453000    艾维河           409  -0.252    0.448 |   0.423    0.702 |  0.62    1.42    1.13 |  -18.2%
03451000    斯旺纳诺阿         337   0.736    0.701 |   0.646    0.810 |  0.89    0.67    1.04 |  -16.4%
0344878100  霍米尼溪          269   0.493    0.358 |   0.701    0.496 |  0.74    0.94    1.14 |  -15.1%
03439000    罗斯曼           176   0.568    0.576 |   0.785    0.773 |  0.79    1.04    1.04 |  -21.2%
03446000    米尔斯河          173   0.490    0.484 |   0.702    0.446 |  0.72    0.90    1.04 |   -2.2%
0344632850  马德溪           127   0.583    0.345 |   0.564    0.575 |  0.78    0.63    1.05 |  -41.5%
03441000    戴维森河          105   0.327    0.494 |   0.648    0.752 |  0.74    1.21    1.12 |  -10.7%
0344894205  北叉斯旺纳诺阿        38  -0.301    0.467 |   0.421    0.600 |  0.51    1.25    1.17 |    0.8%
03450000    比特里溪           14  -2.823    0.488 |  -0.286    0.480 |  0.31    2.01    1.40 |    3.3%

中位 NSE 0.583  持续性 0.576  胜出 9/15
中位 KGE 0.681  持续性 0.752  胜出 5/15
大洪水时段 NSE 0.763

预见期   +1h   +3h   +6h  +12h  +24h
中位NSE 0.994  0.929  0.873  0.632  0.483
结果已写入 runs/site_model_step1
