断面 15 个  时间轴 2015-06-01 00:00:00 ~ 2024-12-31 00:00:00  共 84025 小时
累积降雨数组 (84025, 128, 128)  5.51 GB
按日期划分  train 至 2023-01-01 00:00:00  |  val 至 2024-01-01 00:00:00  |  test 至 2024-12-31 00:00:00
变换 gstd：全局标准化（所有断面 pooled 只估一个均值/标准差）
全局均值 35.08  全局标准差 61.16 m³/s
train 266549 个样本
val   4838 个样本
test  4863 个样本
设备 cuda  参数量 162.7 千  结构 moe  空间分支 开  预见期降雨 有  自注意力 无  站点token 无  面积特征 关  分位数×3  单步+滚动24h
损失 quantile（τ=0.1/0.5/0.9，pinball，逐站方差归一加权，仅训练）
  第   1 轮  训练 0.0035  验证 0.0020
  第   5 轮  训练 0.0023  验证 0.0015
  第  10 轮  训练 0.0021  验证 0.0015
  第  15 轮  训练 0.0020  验证 0.0014
  第  20 轮  训练 0.0019  验证 0.0013
  第  25 轮  训练 0.0019  验证 0.0013
  第  30 轮  训练 0.0018  验证 0.0013
  第  35 轮  训练 0.0018  验证 0.0013
  第  40 轮  训练 0.0018  验证 0.0012
  第  45 轮  训练 0.0017  验证 0.0013
  第  50 轮  训练 0.0017  验证 0.0013
  第  55 轮  训练 0.0017  验证 0.0013
  第  60 轮  训练 0.0016  验证 0.0013
  第  65 轮  训练 0.0016  验证 0.0012
  第  70 轮  训练 0.0016  验证 0.0012
  第  75 轮  训练 0.0015  验证 0.0013
  第  80 轮  训练 0.0015  验证 0.0013
  第  85 轮  训练 0.0015  验证 0.0013
  第  90 轮  训练 0.0015  验证 0.0013
  第  95 轮  训练 0.0014  验证 0.0013
  第 95 轮早停

训练段拟合（单步，教师强迫）
03455000    纽波特        NSE  1.000  MAE    0.911
03454500    温泉镇        NSE  0.999  MAE    1.143
03453500    马歇尔        NSE  0.999  MAE    0.615
03451500    阿什维尔       NSE  1.000  MAE    0.384
03447687    弗莱彻        NSE  1.000  MAE    0.289
03443000    布兰太尔       NSE  1.000  MAE    0.134
03453000    艾维河        NSE  0.995  MAE    0.141
03451000    斯旺纳诺阿      NSE  0.994  MAE    0.165
0344878100  霍米尼溪       NSE  0.991  MAE    0.090
03439000    罗斯曼        NSE  0.991  MAE    0.159
03446000    米尔斯河       NSE  0.997  MAE    0.079
0344632850  马德溪        NSE  0.997  MAE    0.065
03441000    戴维森河       NSE  0.977  MAE    0.099
0344894205  北叉斯旺纳诺阿    NSE  0.991  MAE    0.038
03450000    比特里溪       NSE  0.948  MAE    0.014
训练段中位 NSE 0.997

站号          名称             面积     NSE    持续NSE |     KGE    持续KGE |     r     变率比     偏置比 |      峰误差
03455000    纽波特          4812  -0.004    0.901 |   0.143    0.800 |  0.89    1.76    1.38 |   33.5%
03454500    温泉镇          4058   0.519    0.710 |   0.491    0.846 |  0.92    1.50    1.08 |   -1.0%
03453500    马歇尔          3450   0.310    0.638 |   0.484    0.794 |  0.85    1.49    1.06 |   -0.7%
03451500    阿什维尔         2448   0.381    0.680 |   0.465    0.789 |  0.88    1.52    1.06 |   -0.3%
03447687    弗莱彻          1658   0.570    0.794 |   0.634    0.872 |  0.89    1.35    1.01 |   -0.7%
03443000    布兰太尔          767   0.786    0.710 |   0.716    0.733 |  0.90    0.74    0.93 |  -11.9%
03453000    艾维河           409   0.311    0.116 |   0.289    0.404 |  0.58    0.45    0.86 |  -30.2%
03451000    斯旺纳诺阿         337   0.733    0.169 |   0.771    0.061 |  0.86    0.85    1.09 |   -0.1%
0344878100  霍米尼溪          269   0.081    0.193 |   0.209    0.112 |  0.35    0.55    1.00 |  -23.0%
03439000    罗斯曼           176   0.268    0.376 |   0.515    0.526 |  0.57    0.79    0.94 |   -1.0%
03446000    米尔斯河          173   0.222    0.277 |   0.155    0.327 |  0.51    0.33    0.88 |   -0.8%
0344632850  马德溪           127   0.750    0.447 |   0.759    0.729 |  0.87    0.85    0.87 |  -50.6%
03441000    戴维森河          105   0.488    0.465 |   0.405    0.532 |  0.75    0.48    0.86 |  -40.3%
0344894205  北叉斯旺纳诺阿        38  -5.611    0.178 |  -1.578    0.065 |  0.97    3.52    1.54 |   -0.8%
03450000    比特里溪           14   0.426    0.064 |   0.336   -0.121 |  0.74    0.39    1.05 |   -1.7%

中位 NSE 0.381  持续性 0.447  胜出 6/15
中位 KGE 0.465  持续性 0.532  胜出 4/15
大洪水时段 NSE 0.344

预见期   +1h   +3h   +6h  +12h  +24h
中位NSE 0.994  0.941  0.828  0.439  0.051

门控分工报告（数值=专家2的平均权重，越大越靠专家2；按面积排序）
03450000    比特里溪           14 km²  专家2权重 0.655
0344894205  北叉斯旺纳诺阿        38 km²  专家2权重 0.656
03441000    戴维森河          105 km²  专家2权重 0.656
0344632850  马德溪           127 km²  专家2权重 0.656
03446000    米尔斯河          173 km²  专家2权重 0.656
03439000    罗斯曼           176 km²  专家2权重 0.656
0344878100  霍米尼溪          269 km²  专家2权重 0.657
03451000    斯旺纳诺阿         337 km²  专家2权重 0.657
03453000    艾维河           409 km²  专家2权重 0.657
03443000    布兰太尔          767 km²  专家2权重 0.635
03447687    弗莱彻          1658 km²  专家2权重 0.622
03451500    阿什维尔         2448 km²  专家2权重 0.638
03453500    马歇尔          3450 km²  专家2权重 0.659
03454500    温泉镇          4058 km²  专家2权重 0.660
03455000    纽波特          4812 km²  专家2权重 0.557
按当前流量分档（全站合并）：
  小水 z< -0.49      专家2权重 0.657
  中水 z∈[-0.49, 0.48)  专家2权重 0.656
  大水 z∈[ 0.48, 3.45)  专家2权重 0.638
  特大 z∈[ 3.45,  inf)  专家2权重 0.272
结果已写入 runs/site_model_step12
