断面 15 个  时间轴 2015-06-01 00:00:00 ~ 2024-12-31 00:00:00  共 84025 小时
按日期划分  train 至 2023-01-01 00:00:00  |  val 至 2024-01-01 00:00:00  |  test 至 2024-12-31 00:00:00
变换 gstd：全局标准化（所有断面 pooled 只估一个均值/标准差）
全局均值 35.05  全局标准差 61.12 m³/s
train 33120 个样本
val   4843 个样本
test  4819 个样本
设备 cuda  参数量 0.4 千  结构 dlinear  空间分支 关  预见期降雨 有  自注意力 无  站点token 无  面积特征 关  分位数×3  单步+滚动24h
损失 quantile（τ=0.1/0.5/0.9，pinball，逐站方差归一加权，仅训练）
  第   1 轮  训练 0.0630  验证 0.0143
  第   5 轮  训练 0.0040  验证 0.0025
  第  10 轮  训练 0.0037  验证 0.0019
  第  15 轮  训练 0.0035  验证 0.0020
  第  20 轮  训练 0.0036  验证 0.0026
  第  25 轮  训练 0.0034  验证 0.0023
  第  30 轮  训练 0.0034  验证 0.0028
  第  35 轮  训练 0.0034  验证 0.0023
  第  40 轮  训练 0.0032  验证 0.0020
  第  45 轮  训练 0.0034  验证 0.0020
  第  50 轮  训练 0.0034  验证 0.0020
  第  55 轮  训练 0.0032  验证 0.0020
  第  60 轮  训练 0.0033  验证 0.0025
  第  65 轮  训练 0.0032  验证 0.0022
  第  70 轮  训练 0.0034  验证 0.0022
  第  75 轮  训练 0.0033  验证 0.0019
  第  80 轮  训练 0.0034  验证 0.0022
  第  85 轮  训练 0.0032  验证 0.0020
  第  90 轮  训练 0.0033  验证 0.0019
  第  95 轮  训练 0.0032  验证 0.0022
  第 100 轮  训练 0.0033  验证 0.0018
  第 105 轮  训练 0.0032  验证 0.0019
  第 110 轮  训练 0.0032  验证 0.0020
  第 115 轮  训练 0.0032  验证 0.0021
  第 116 轮早停

训练段拟合（单步，教师强迫）
03455000    纽波特        NSE  0.998  MAE    1.540
03454500    温泉镇        NSE  0.994  MAE    2.033
03453500    马歇尔        NSE  0.998  MAE    0.894
03451500    阿什维尔       NSE  1.000  MAE    0.545
03447687    弗莱彻        NSE  1.000  MAE    0.443
03443000    布兰太尔       NSE  1.000  MAE    0.198
03453000    艾维河        NSE  0.989  MAE    0.225
03451000    斯旺纳诺阿      NSE  0.988  MAE    0.273
0344878100  霍米尼溪       NSE  0.969  MAE    0.148
03439000    罗斯曼        NSE  0.981  MAE    0.272
03446000    米尔斯河       NSE  0.995  MAE    0.145
0344632850  马德溪        NSE  0.994  MAE    0.132
03441000    戴维森河       NSE  0.967  MAE    0.192
0344894205  北叉斯旺纳诺阿    NSE  0.856  MAE    0.107
03450000    比特里溪       NSE -0.919  MAE    0.091
训练段中位 NSE 0.994

站号          名称             面积     NSE    持续NSE |     KGE    持续KGE |     r     变率比     偏置比 |      峰误差
03455000    纽波特          4812   0.839    0.865 |   0.645    0.691 |  0.97    1.26    1.24 |    3.2%
03454500    温泉镇          4058   0.720    0.702 |   0.861    0.837 |  0.86    1.03    0.99 |    0.0%
03453500    马歇尔          3450   0.416    0.603 |   0.642    0.771 |  0.81    1.30    1.00 |   -3.0%
03451500    阿什维尔         2448   0.721    0.713 |   0.829    0.822 |  0.88    1.12    1.00 |    0.1%
03447687    弗莱彻          1658   0.810    0.804 |   0.891    0.881 |  0.91    1.07    0.99 |   -0.1%
03443000    布兰太尔          767   0.823    0.804 |   0.873    0.889 |  0.91    0.93    0.94 |   -4.0%
03453000    艾维河           409   0.400    0.127 |   0.515    0.500 |  0.66    0.79    0.72 |  -32.4%
03451000    斯旺纳诺阿         337   0.407    0.507 |   0.644    0.693 |  0.79    1.23    0.84 |  -11.5%
0344878100  霍米尼溪          269   0.274    0.787 |   0.318    0.892 |  0.90    1.60    0.68 |  -28.1%
03439000    罗斯曼           176   0.489    0.487 |   0.508    0.580 |  0.71    0.66    0.79 |  -29.9%
03446000    米尔斯河          173   0.354    0.297 |   0.289    0.314 |  0.62    0.45    0.74 |   -0.5%
0344632850  马德溪           127   0.218    0.357 |   0.491    0.647 |  0.79    1.40    0.78 |  -41.3%
03441000    戴维森河          105   0.574    0.619 |   0.440    0.641 |  0.79    0.60    0.67 |  -34.5%
0344894205  北叉斯旺纳诺阿        38   0.459    0.178 |   0.508    0.463 |  0.78    1.08    0.57 |   -2.8%
03450000    比特里溪           14  -7.528    0.347 |  -1.498    0.590 |  0.65    3.47    0.90 |    2.5%

中位 NSE 0.459  持续性 0.603  胜出 8/15
中位 KGE 0.515  持续性 0.691  胜出 5/15
大洪水时段 NSE 0.706

预见期   +1h   +3h   +6h  +12h  +24h
中位NSE 0.992  0.891  0.807  0.631  0.343
结果已写入 runs/site_model_dlinear
